 sdl_handmade

 Timestamp is 5aa2cc40 (Fri Mar  9 12:02:40 2018)

 Preferred load address is 0000000140000000

 Start         Length     Name                   Class
 0001:00000000 00000510H .text                   CODE
 0001:00000510 00002f20H .text$mn                CODE
 0001:00003430 00000020H .text$mn$00             CODE
 0001:00003450 00000126H .text$x                 CODE
 0002:00000000 00000330H .idata$5                DATA
 0002:00000330 00000010H .00cfg                  DATA
 0002:00000340 00000008H .CRT$XCA                DATA
 0002:00000348 00000008H .CRT$XCAA               DATA
 0002:00000350 00000008H .CRT$XCZ                DATA
 0002:00000358 00000008H .CRT$XIA                DATA
 0002:00000360 00000008H .CRT$XIAA               DATA
 0002:00000368 00000008H .CRT$XIAC               DATA
 0002:00000370 00000008H .CRT$XIZ                DATA
 0002:00000378 00000008H .CRT$XPA                DATA
 0002:00000380 00000008H .CRT$XPZ                DATA
 0002:00000388 00000008H .CRT$XTA                DATA
 0002:00000390 00000010H .CRT$XTZ                DATA
 0002:000003a0 000004f8H .rdata                  DATA
 0002:00000898 000001f4H .rdata$r                DATA
 0002:00000a8c 000002ecH .rdata$zzzdbg           DATA
 0002:00000d78 00000008H .rtc$IAA                DATA
 0002:00000d80 00000008H .rtc$IZZ                DATA
 0002:00000d88 00000008H .rtc$TAA                DATA
 0002:00000d90 00000010H .rtc$TZZ                DATA
 0002:00000da0 00000370H .xdata                  DATA
 0002:00001110 000000ecH .xdata$x                DATA
 0002:000011fc 00000000H .edata                  DATA
 0002:000011fc 000000c8H .idata$2                DATA
 0002:000012c4 00000014H .idata$3                DATA
 0002:000012d8 00000330H .idata$4                DATA
 0002:00001608 00000822H .idata$6                DATA
 0003:00000000 00000038H .data                   DATA
 0003:00000038 000000a8H .data$r                 DATA
 0003:000000e0 00000600H .bss                    DATA
 0004:00000000 00000504H .pdata                  DATA
 0005:00000000 00000038H .gfids$y                DATA

  Address         Publics by Value              Rva+Base               Lib:Object

 0000:00000000       __guard_fids_count         0000000000000000     <absolute>
 0000:00000000       __guard_iat_count          0000000000000000     <absolute>
 0000:00000000       __guard_iat_table          0000000000000000     <absolute>
 0000:00000000       __dynamic_value_reloc_table 0000000000000000     <absolute>
 0000:00000000       ___safe_se_handler_table   0000000000000000     <absolute>
 0000:00000000       __guard_longjmp_table      0000000000000000     <absolute>
 0000:00000000       __guard_longjmp_count      0000000000000000     <absolute>
 0000:00000000       ___safe_se_handler_count   0000000000000000     <absolute>
 0000:00000000       __guard_fids_table         0000000000000000     <absolute>
 0000:00000100       __guard_flags              0000000000000100     <absolute>
 0000:00000000       __ImageBase                0000000140000000     <linker-defined>
 0001:00000000       main                       0000000140001000 f   SDL2main:SDL_windows_main.obj
 0001:00000400       wmain                      0000000140001400 f   SDL2main:SDL_windows_main.obj
 0001:000004e0       WinMain                    00000001400014e0 f   SDL2main:SDL_windows_main.obj
 0001:00000510       SDL_main                   0000000140001510 f   sdl_handmade.obj
 0001:00000c60       ?GameUpdateAndRenderStub@@YAXPEAUgame_memory@@PEAUSDL_Window@@@Z 0000000140001c60 f   sdl_handmade.obj
 0001:00000c80       ?GameGetSoundSamplesStub@@YAXPEAUgame_memory@@@Z 0000000140001c80 f   sdl_handmade.obj
 0001:00000c90       GameUpdateAndRender        0000000140001c90 f   sdl_handmade.obj
 0001:00000d80       GameGetSoundSamples        0000000140001d80 f   sdl_handmade.obj
 0001:00001140       ??$?0$$V@?$_Compressed_pair@U?$_Wrap_alloc@V?$allocator@D@std@@@std@@V?$_String_val@U?$_Simple_types@D@std@@@2@$00@std@@QEAA@U_Zero_then_variadic_args_t@1@@Z 0000000140002140 f i sdl_handmade.obj
 0001:00001170       ??$__vcrt_va_start_verify_argument_type@QEBD@@YAXXZ 0000000140002170 f i sdl_handmade.obj
 0001:00001180       ??$construct@PEADAEAPEAD@?$_Wrap_alloc@V?$allocator@D@std@@@std@@QEAAXPEAPEADAEAPEAD@Z 0000000140002180 f i sdl_handmade.obj
 0001:000011c0       ??$construct@PEADAEAPEAD@?$allocator@D@std@@QEAAXPEAPEADAEAPEAD@Z 00000001400021c0 f i sdl_handmade.obj
 0001:00001220       ??$construct@PEADAEAPEAD@?$allocator_traits@V?$allocator@D@std@@@std@@SAXAEAV?$allocator@D@1@PEAPEADAEAPEAD@Z 0000000140002220 f i sdl_handmade.obj
 0001:00001260       ??$destroy@PEAD@?$_Wrap_alloc@V?$allocator@D@std@@@std@@QEAAXPEAPEAD@Z 0000000140002260 f i sdl_handmade.obj
 0001:00001290       ??$destroy@PEAD@?$allocator@D@std@@QEAAXPEAPEAD@Z 0000000140002290 f i sdl_handmade.obj
 0001:000012a0       ??$destroy@PEAD@?$allocator_traits@V?$allocator@D@std@@@std@@SAXAEAV?$allocator@D@1@PEAPEAD@Z 00000001400022a0 f i sdl_handmade.obj
 0001:000012d0       ??0?$_String_alloc@U?$_String_base_types@DV?$allocator@D@std@@@std@@@std@@QEAA@XZ 00000001400022d0 f i sdl_handmade.obj
 0001:00001300       ??0?$_String_val@U?$_Simple_types@D@std@@@std@@QEAA@XZ 0000000140002300 f i sdl_handmade.obj
 0001:00001340       ??0?$_Wrap_alloc@V?$allocator@D@std@@@std@@QEAA@XZ 0000000140002340 f i sdl_handmade.obj
 0001:00001360       ??0?$basic_string@DU?$char_traits@D@std@@V?$allocator@D@2@@std@@QEAA@PEBD@Z 0000000140002360 f i sdl_handmade.obj
 0001:000013b0       ??$addressof@PEAD@std@@YAPEAPEADAEAPEAD@Z 00000001400023b0 f i sdl_handmade.obj
 0001:000013b0       ??$forward@AEAPEAD@std@@YAAEAPEADAEAPEAD@Z 00000001400023b0 f i sdl_handmade.obj
 0001:000013b0       ??0_Bxty@?$_String_val@U?$_Simple_types@D@std@@@std@@QEAA@XZ 00000001400023b0 f i sdl_handmade.obj
 0001:000013b0       ?_Get_first@?$_Compressed_pair@U?$_Wrap_alloc@V?$allocator@D@std@@@std@@V?$_String_val@U?$_Simple_types@D@std@@@2@$00@std@@QEBAAEBU?$_Wrap_alloc@V?$allocator@D@std@@@2@XZ 00000001400023b0 f i sdl_handmade.obj
 0001:000013b0       ?_Get_second@?$_Compressed_pair@U?$_Wrap_alloc@V?$allocator@D@std@@@std@@V?$_String_val@U?$_Simple_types@D@std@@@2@$00@std@@QEBAAEBV?$_String_val@U?$_Simple_types@D@std@@@2@XZ 00000001400023b0 f i sdl_handmade.obj
 0001:000013b0       ?_Get_first@?$_Compressed_pair@U?$_Wrap_alloc@V?$allocator@D@std@@@std@@V?$_String_val@U?$_Simple_types@D@std@@@2@$00@std@@QEAAAEAU?$_Wrap_alloc@V?$allocator@D@std@@@2@XZ 00000001400023b0 f i sdl_handmade.obj
 0001:000013b0       ??$_Unfancy@D@std@@YAPEADPEAD@Z 00000001400023b0 f i sdl_handmade.obj
 0001:000013b0       ?_Get_second@?$_Compressed_pair@U?$_Wrap_alloc@V?$allocator@D@std@@@std@@V?$_String_val@U?$_Simple_types@D@std@@@2@$00@std@@QEAAAEAV?$_String_val@U?$_Simple_types@D@std@@@2@XZ 00000001400023b0 f i sdl_handmade.obj
 0001:000013b0       ??0?$allocator@D@std@@QEAA@XZ 00000001400023b0 f i sdl_handmade.obj
 0001:000013c0       ??1?$_Compressed_pair@U?$_Wrap_alloc@V?$allocator@D@std@@@std@@V?$_String_val@U?$_Simple_types@D@std@@@2@$00@std@@QEAA@XZ 00000001400023c0 f i sdl_handmade.obj
 0001:000013e0       ??1?$_String_alloc@U?$_String_base_types@DV?$allocator@D@std@@@std@@@std@@QEAA@XZ 00000001400023e0 f i sdl_handmade.obj
 0001:00001400       ??1?$_String_val@U?$_Simple_types@D@std@@@std@@QEAA@XZ 0000000140002400 f i sdl_handmade.obj
 0001:00001420       ??1?$basic_string@DU?$char_traits@D@std@@V?$allocator@D@2@@std@@QEAA@XZ 0000000140002420 f i sdl_handmade.obj
 0001:00001460       ??1_Bxty@?$_String_val@U?$_Simple_types@D@std@@@std@@QEAA@XZ 0000000140002460 f i sdl_handmade.obj
 0001:00001470       ??2@YAPEAX_KPEAX@Z         0000000140002470 f i sdl_handmade.obj
 0001:00001480       ?Win32GetLastWriteTime@@YA?AU_FILETIME@@V?$basic_string@DU?$char_traits@D@std@@V?$allocator@D@2@@std@@@Z 0000000140002480 f i sdl_handmade.obj
 0001:00001500       ?_Allocate@std@@YAPEAX_K0_N@Z 0000000140002500 f i sdl_handmade.obj
 0001:00001600       ?_Bx@?$_String_alloc@U?$_String_base_types@DV?$allocator@D@std@@@std@@@std@@QEAAAEAT_Bxty@?$_String_val@U?$_Simple_types@D@std@@@2@XZ 0000000140002600 f i sdl_handmade.obj
 0001:00001620       ?_Check_offset@?$basic_string@DU?$char_traits@D@std@@V?$allocator@D@2@@std@@QEBAX_K@Z 0000000140002620 f i sdl_handmade.obj
 0001:00001660       ?_Clamp_suffix_size@?$basic_string@DU?$char_traits@D@std@@V?$allocator@D@2@@std@@QEBA_K_K0@Z 0000000140002660 f i sdl_handmade.obj
 0001:000016b0       ?_Copy@?$basic_string@DU?$char_traits@D@std@@V?$allocator@D@2@@std@@QEAAX_K0@Z 00000001400026b0 f i sdl_handmade.obj
 0001:000018e0       ?_Deallocate@std@@YAXPEAX_K1@Z 00000001400028e0 f i sdl_handmade.obj
 0001:000019d0       ?_Eos@?$basic_string@DU?$char_traits@D@std@@V?$allocator@D@2@@std@@QEAAX_K@Z 00000001400029d0 f i sdl_handmade.obj
 0001:00001a30       ?_Getal@?$_String_alloc@U?$_String_base_types@DV?$allocator@D@std@@@std@@@std@@QEBAAEBU?$_Wrap_alloc@V?$allocator@D@std@@@2@XZ 0000000140002a30 f i sdl_handmade.obj
 0001:00001a30       ?_Get_data@?$_String_alloc@U?$_String_base_types@DV?$allocator@D@std@@@std@@@std@@QEBAAEBV?$_String_val@U?$_Simple_types@D@std@@@2@XZ 0000000140002a30 f i sdl_handmade.obj
 0001:00001a30       ?_Getal@?$_String_alloc@U?$_String_base_types@DV?$allocator@D@std@@@std@@@std@@QEAAAEAU?$_Wrap_alloc@V?$allocator@D@std@@@2@XZ 0000000140002a30 f i sdl_handmade.obj
 0001:00001a30       ?_Get_data@?$_String_alloc@U?$_String_base_types@DV?$allocator@D@std@@@std@@@std@@QEAAAEAV?$_String_val@U?$_Simple_types@D@std@@@2@XZ 0000000140002a30 f i sdl_handmade.obj
 0001:00001a50       ?_Grow@?$basic_string@DU?$char_traits@D@std@@V?$allocator@D@2@@std@@QEAA_N_K_N@Z 0000000140002a50 f i sdl_handmade.obj
 0001:00001b40       ?_Inside@?$basic_string@DU?$char_traits@D@std@@V?$allocator@D@2@@std@@QEAA_NPEBD@Z 0000000140002b40 f i sdl_handmade.obj
 0001:00001ba0       ?_Myptr@?$_String_alloc@U?$_String_base_types@DV?$allocator@D@std@@@std@@@std@@QEBAPEBDXZ 0000000140002ba0 f i sdl_handmade.obj
 0001:00001ba0       ?_Myptr@?$_String_alloc@U?$_String_base_types@DV?$allocator@D@std@@@std@@@std@@QEAAPEADXZ 0000000140002ba0 f i sdl_handmade.obj
 0001:00001bc0       ?_Myptr@?$_String_val@U?$_Simple_types@D@std@@@std@@QEAAPEADXZ 0000000140002bc0 f i sdl_handmade.obj
 0001:00001bc0       ?_Myptr@?$_String_val@U?$_Simple_types@D@std@@@std@@QEBAPEBDXZ 0000000140002bc0 f i sdl_handmade.obj
 0001:00001c00       ?_Myres@?$_String_alloc@U?$_String_base_types@DV?$allocator@D@std@@@std@@@std@@QEAAAEA_KXZ 0000000140002c00 f i sdl_handmade.obj
 0001:00001c20       ?_Mysize@?$_String_alloc@U?$_String_base_types@DV?$allocator@D@std@@@std@@@std@@QEAAAEA_KXZ 0000000140002c20 f i sdl_handmade.obj
 0001:00001c20       ?_Mysize@?$_String_alloc@U?$_String_base_types@DV?$allocator@D@std@@@std@@@std@@QEBAAEB_KXZ 0000000140002c20 f i sdl_handmade.obj
 0001:00001c40       ?_Tidy@?$basic_string@DU?$char_traits@D@std@@V?$allocator@D@2@@std@@QEAAX_N_K@Z 0000000140002c40 f i sdl_handmade.obj
 0001:00001d50       ?_Xlen@?$basic_string@DU?$char_traits@D@std@@V?$allocator@D@2@@std@@QEBAXXZ 0000000140002d50 f i sdl_handmade.obj
 0001:00001d70       ?_Xran@?$basic_string@DU?$char_traits@D@std@@V?$allocator@D@2@@std@@QEBAXXZ 0000000140002d70 f i sdl_handmade.obj
 0001:00001d90       ?allocate@?$_Wrap_alloc@V?$allocator@D@std@@@std@@QEAAPEAD_K@Z 0000000140002d90 f i sdl_handmade.obj
 0001:00001dc0       ?allocate@?$allocator@D@std@@QEAAPEAD_K@Z 0000000140002dc0 f i sdl_handmade.obj
 0001:00001df0       ?assign@?$basic_string@DU?$char_traits@D@std@@V?$allocator@D@2@@std@@QEAAAEAV12@AEBV12@_K1@Z 0000000140002df0 f i sdl_handmade.obj
 0001:00001ee0       ?assign@?$basic_string@DU?$char_traits@D@std@@V?$allocator@D@2@@std@@QEAAAEAV12@PEBD@Z 0000000140002ee0 f i sdl_handmade.obj
 0001:00001f10       ?assign@?$basic_string@DU?$char_traits@D@std@@V?$allocator@D@2@@std@@QEAAAEAV12@PEBD_K@Z 0000000140002f10 f i sdl_handmade.obj
 0001:00001fc0       ?assign@?$char_traits@D@std@@SAXAEADAEBD@Z 0000000140002fc0 f i sdl_handmade.obj
 0001:00001fe0       ?c_str@?$basic_string@DU?$char_traits@D@std@@V?$allocator@D@2@@std@@QEBAPEBDXZ 0000000140002fe0 f i sdl_handmade.obj
 0001:00002010       ?copy@?$char_traits@D@std@@SAPEADPEADPEBD_K@Z 0000000140003010 f i sdl_handmade.obj
 0001:00002060       ?deallocate@?$_Wrap_alloc@V?$allocator@D@std@@@std@@QEAAXPEAD_K@Z 0000000140003060 f i sdl_handmade.obj
 0001:00002090       ?deallocate@?$allocator@D@std@@QEAAXPEAD_K@Z 0000000140003090 f i sdl_handmade.obj
 0001:000020c0       ?erase@?$basic_string@DU?$char_traits@D@std@@V?$allocator@D@2@@std@@QEAAAEAV12@_K0@Z 00000001400030c0 f i sdl_handmade.obj
 0001:00002190       ?erase@?$basic_string@DU?$char_traits@D@std@@V?$allocator@D@2@@std@@QEAAAEAV12@_K@Z 0000000140003190 f i sdl_handmade.obj
 0001:000021d0       ?length@?$char_traits@D@std@@SA_KPEBD@Z 00000001400031d0 f i sdl_handmade.obj
 0001:00002230       ?max_size@?$_Wrap_alloc@V?$allocator@D@std@@@std@@QEBA_KU_Nil@2@@Z 0000000140003230 f i sdl_handmade.obj
 0001:00002250       ?max_size@?$allocator@D@std@@QEBA_KXZ 0000000140003250 f i sdl_handmade.obj
 0001:00002260       ?max_size@?$allocator_traits@V?$allocator@D@std@@@std@@SA_KAEBV?$allocator@D@2@@Z 0000000140003260 f i sdl_handmade.obj
 0001:00002280       ?max_size@?$basic_string@DU?$char_traits@D@std@@V?$allocator@D@2@@std@@QEBA_KXZ 0000000140003280 f i sdl_handmade.obj
 0001:000022d0       ?move@?$char_traits@D@std@@SAPEADPEADPEBD_K@Z 00000001400032d0 f i sdl_handmade.obj
 0001:00002320       __local_stdio_printf_options 0000000140003320 f i sdl_handmade.obj
 0001:00002330       _vfprintf_l                0000000140003330 f i sdl_handmade.obj
 0001:00002380       printf                     0000000140003380 f i sdl_handmade.obj
 0001:000023de       SDL_memset                 00000001400033de f   SDL2:SDL2.dll
 0001:000023e4       SDL_GetError               00000001400033e4 f   SDL2:SDL2.dll
 0001:000023ea       SDL_OpenAudioDevice        00000001400033ea f   SDL2:SDL2.dll
 0001:000023f0       SDL_PauseAudioDevice       00000001400033f0 f   SDL2:SDL2.dll
 0001:000023f6       SDL_GetDesktopDisplayMode  00000001400033f6 f   SDL2:SDL2.dll
 0001:000023fc       SDL_GetWindowDisplayIndex  00000001400033fc f   SDL2:SDL2.dll
 0001:00002402       SDL_CreateWindow           0000000140003402 f   SDL2:SDL2.dll
 0001:00002408       SDL_SetWindowSize          0000000140003408 f   SDL2:SDL2.dll
 0001:0000240e       SDL_SetWindowFullscreen    000000014000340e f   SDL2:SDL2.dll
 0001:00002414       SDL_GetWindowSurface       0000000140003414 f   SDL2:SDL2.dll
 0001:0000241a       SDL_GL_SetAttribute        000000014000341a f   SDL2:SDL2.dll
 0001:00002420       SDL_GL_CreateContext       0000000140003420 f   SDL2:SDL2.dll
 0001:00002426       SDL_GL_SwapWindow          0000000140003426 f   SDL2:SDL2.dll
 0001:0000242c       SDL_PollEvent              000000014000342c f   SDL2:SDL2.dll
 0001:00002432       SDL_LoadObject             0000000140003432 f   SDL2:SDL2.dll
 0001:00002438       SDL_LoadFunction           0000000140003438 f   SDL2:SDL2.dll
 0001:0000243e       SDL_UnloadObject           000000014000343e f   SDL2:SDL2.dll
 0001:00002444       SDL_Log                    0000000140003444 f   SDL2:SDL2.dll
 0001:0000244a       SDL_ShowSimpleMessageBox   000000014000344a f   SDL2:SDL2.dll
 0001:00002450       SDL_GetPerformanceCounter  0000000140003450 f   SDL2:SDL2.dll
 0001:00002456       SDL_GetPerformanceFrequency 0000000140003456 f   SDL2:SDL2.dll
 0001:0000245c       SDL_Delay                  000000014000345c f   SDL2:SDL2.dll
 0001:00002462       SDL_Init                   0000000140003462 f   SDL2:SDL2.dll
 0001:00002468       ??2@YAPEAX_K@Z             0000000140003468 f   MSVCRT:new_scalar.obj
 0001:000024a4       ??3@YAXPEAX@Z              00000001400034a4 f   MSVCRT:delete_scalar.obj
 0001:000024ac       __GSHandlerCheck           00000001400034ac f   MSVCRT:_gshandler_.obj
 0001:000024cc       __GSHandlerCheckCommon     00000001400034cc f   MSVCRT:_gshandler_.obj
 0001:00002540       __security_check_cookie    0000000140003540 f   MSVCRT:_amdsecgs_.obj
 0001:000027c4       mainCRTStartup             00000001400037c4 f   MSVCRT:exe_main.obj
 0001:000027d8       ??0bad_alloc@std@@QEAA@AEBV01@@Z 00000001400037d8 f i MSVCRT:throw_bad_alloc.obj
 0001:00002818       ??0bad_alloc@std@@QEAA@XZ  0000000140003818 f i MSVCRT:throw_bad_alloc.obj
 0001:00002838       ??0bad_array_new_length@std@@QEAA@AEBV01@@Z 0000000140003838 f i MSVCRT:throw_bad_alloc.obj
 0001:00002878       ??0bad_array_new_length@std@@QEAA@XZ 0000000140003878 f i MSVCRT:throw_bad_alloc.obj
 0001:00002898       ??0exception@std@@QEAA@AEBV01@@Z 0000000140003898 f i MSVCRT:throw_bad_alloc.obj
 0001:000028d0       ??1bad_array_new_length@std@@UEAA@XZ 00000001400038d0 f i MSVCRT:throw_bad_alloc.obj
 0001:000028d0       ??1bad_alloc@std@@UEAA@XZ  00000001400038d0 f i MSVCRT:throw_bad_alloc.obj
 0001:000028e4       ??_Ebad_array_new_length@std@@UEAAPEAXI@Z 00000001400038e4 f i MSVCRT:throw_bad_alloc.obj
 0001:000028e4       ??_Gexception@std@@UEAAPEAXI@Z 00000001400038e4 f i MSVCRT:throw_bad_alloc.obj
 0001:000028e4       ??_Eexception@std@@UEAAPEAXI@Z 00000001400038e4 f i MSVCRT:throw_bad_alloc.obj
 0001:000028e4       ??_Ebad_alloc@std@@UEAAPEAXI@Z 00000001400038e4 f i MSVCRT:throw_bad_alloc.obj
 0001:000028e4       ??_Gbad_array_new_length@std@@UEAAPEAXI@Z 00000001400038e4 f i MSVCRT:throw_bad_alloc.obj
 0001:000028e4       ??_Gbad_alloc@std@@UEAAPEAXI@Z 00000001400038e4 f i MSVCRT:throw_bad_alloc.obj
 0001:00002928       ?__scrt_throw_std_bad_alloc@@YAXXZ 0000000140003928 f   MSVCRT:throw_bad_alloc.obj
 0001:00002948       ?__scrt_throw_std_bad_array_new_length@@YAXXZ 0000000140003948 f   MSVCRT:throw_bad_alloc.obj
 0001:00002968       ?what@exception@std@@UEBAPEBDXZ 0000000140003968 f i MSVCRT:throw_bad_alloc.obj
 0001:0000297c       __raise_securityfailure    000000014000397c f   MSVCRT:gs_report.obj
 0001:000029b0       __report_gsfailure         00000001400039b0 f   MSVCRT:gs_report.obj
 0001:00002af8       __scrt_acquire_startup_lock 0000000140003af8 f   MSVCRT:utility.obj
 0001:00002b34       __scrt_initialize_crt      0000000140003b34 f   MSVCRT:utility.obj
 0001:00002b80       __scrt_initialize_onexit_tables 0000000140003b80 f   MSVCRT:utility.obj
 0001:00002c4c       __scrt_is_nonwritable_in_current_image 0000000140003c4c f   MSVCRT:utility.obj
 0001:00002ce8       __scrt_release_startup_lock 0000000140003ce8 f   MSVCRT:utility.obj
 0001:00002d0c       __scrt_uninitialize_crt    0000000140003d0c f   MSVCRT:utility.obj
 0001:00002d38       _onexit                    0000000140003d38 f   MSVCRT:utility.obj
 0001:00002d88       atexit                     0000000140003d88 f   MSVCRT:utility.obj
 0001:00002da0       __security_init_cookie     0000000140003da0 f   MSVCRT:gs_support.obj
 0001:00002e4c       _get_startup_thread_locale_mode 0000000140003e4c f   MSVCRT:thread_locale.obj
 0001:00002e4c       __scrt_initialize_winrt    0000000140003e4c f   MSVCRT:utility_desktop.obj
 0001:00002e4c       _get_startup_commit_mode   0000000140003e4c f   MSVCRT:commit_mode.obj
 0001:00002e4c       _get_startup_new_mode      0000000140003e4c f   MSVCRT:new_mode.obj
 0001:00002e4c       _matherr                   0000000140003e4c f   MSVCRT:matherr.obj
 0001:00002e50       _get_startup_argv_mode     0000000140003e50 f   MSVCRT:argv_mode.obj
 0001:00002e58       _get_startup_file_mode     0000000140003e58 f   MSVCRT:file_mode.obj
 0001:00002e60       ?__scrt_initialize_type_info@@YAXXZ 0000000140003e60 f   MSVCRT:tncleanup.obj
 0001:00002e70       _guard_check_icall_nop     0000000140003e70 f   MSVCRT:guard_support.obj
 0001:00002e70       _initialize_denormal_control 0000000140003e70 f   MSVCRT:denormal_control.obj
 0001:00002e70       _initialize_invalid_parameter_handler 0000000140003e70 f   MSVCRT:invalid_parameter_handler.obj
 0001:00002e74       __local_stdio_scanf_options 0000000140003e74 f i MSVCRT:default_local_stdio_options.obj
 0001:00002e7c       __scrt_initialize_default_local_stdio_options 0000000140003e7c f   MSVCRT:default_local_stdio_options.obj
 0001:00002e98       __scrt_is_user_matherr_present 0000000140003e98 f   MSVCRT:matherr_detection.obj
 0001:00002ea4       __scrt_get_dyn_tls_init_callback 0000000140003ea4 f   MSVCRT:dyn_tls_init.obj
 0001:00002eac       __scrt_get_dyn_tls_dtor_callback 0000000140003eac f   MSVCRT:dyn_tls_dtor.obj
 0001:00002eb4       __scrt_fastfail            0000000140003eb4 f   MSVCRT:utility_desktop.obj
 0001:00002ffc       __scrt_is_managed_app      0000000140003ffc f   MSVCRT:utility_desktop.obj
 0001:00003050       __scrt_set_unhandled_exception_filter 0000000140004050 f   MSVCRT:utility_desktop.obj
 0001:00003060       __scrt_unhandled_exception_filter 0000000140004060 f   MSVCRT:utility_desktop.obj
 0001:00003098       _RTC_Initialize            0000000140004098 f   MSVCRT:_initsect_.obj
 0001:000030e4       _RTC_Terminate             00000001400040e4 f   MSVCRT:_initsect_.obj
 0001:00003130       _guard_check_icall         0000000140004130 f i MSVCRT:checkcfg.obj
 0001:00003138       ??3@YAXPEAX_K@Z            0000000140004138 f   MSVCRT:delete_scalar_size.obj
 0001:00003140       ??_Gtype_info@@UEAAPEAXI@Z 0000000140004140 f i MSVCRT:std_type_info_static.obj
 0001:00003140       ??_Etype_info@@UEAAPEAXI@Z 0000000140004140 f i MSVCRT:std_type_info_static.obj
 0001:0000316c       __isa_available_init       000000014000416c f   MSVCRT:_cpu_disp_.obj
 0001:00003334       __scrt_is_ucrt_dll_in_use  0000000140004334 f   MSVCRT:ucrt_detection.obj
 0001:00003340       IsProcessorFeaturePresent  0000000140004340 f   kernel32:KERNEL32.dll
 0001:00003346       _CxxThrowException         0000000140004346 f   vcruntime:VCRUNTIME140.dll
 0001:0000334c       __CxxFrameHandler3         000000014000434c f   vcruntime:VCRUNTIME140.dll
 0001:00003352       __C_specific_handler       0000000140004352 f   vcruntime:VCRUNTIME140.dll
 0001:00003358       __std_exception_copy       0000000140004358 f   vcruntime:VCRUNTIME140.dll
 0001:0000335e       __std_exception_destroy    000000014000435e f   vcruntime:VCRUNTIME140.dll
 0001:00003364       memset                     0000000140004364 f   vcruntime:VCRUNTIME140.dll
 0001:0000336a       _callnewh                  000000014000436a f   ucrt:api-ms-win-crt-heap-l1-1-0.dll
 0001:00003370       malloc                     0000000140004370 f   ucrt:api-ms-win-crt-heap-l1-1-0.dll
 0001:00003376       free                       0000000140004376 f   ucrt:api-ms-win-crt-heap-l1-1-0.dll
 0001:0000337c       _seh_filter_exe            000000014000437c f   ucrt:api-ms-win-crt-runtime-l1-1-0.dll
 0001:00003382       _set_app_type              0000000140004382 f   ucrt:api-ms-win-crt-runtime-l1-1-0.dll
 0001:00003388       __setusermatherr           0000000140004388 f   ucrt:api-ms-win-crt-math-l1-1-0.dll
 0001:0000338e       _configure_narrow_argv     000000014000438e f   ucrt:api-ms-win-crt-runtime-l1-1-0.dll
 0001:00003394       _initialize_narrow_environment 0000000140004394 f   ucrt:api-ms-win-crt-runtime-l1-1-0.dll
 0001:0000339a       _get_initial_narrow_environment 000000014000439a f   ucrt:api-ms-win-crt-runtime-l1-1-0.dll
 0001:000033a0       _initterm                  00000001400043a0 f   ucrt:api-ms-win-crt-runtime-l1-1-0.dll
 0001:000033a6       _initterm_e                00000001400043a6 f   ucrt:api-ms-win-crt-runtime-l1-1-0.dll
 0001:000033ac       exit                       00000001400043ac f   ucrt:api-ms-win-crt-runtime-l1-1-0.dll
 0001:000033b2       _exit                      00000001400043b2 f   ucrt:api-ms-win-crt-runtime-l1-1-0.dll
 0001:000033b8       _set_fmode                 00000001400043b8 f   ucrt:api-ms-win-crt-stdio-l1-1-0.dll
 0001:000033be       __p___argc                 00000001400043be f   ucrt:api-ms-win-crt-runtime-l1-1-0.dll
 0001:000033c4       __p___argv                 00000001400043c4 f   ucrt:api-ms-win-crt-runtime-l1-1-0.dll
 0001:000033ca       _cexit                     00000001400043ca f   ucrt:api-ms-win-crt-runtime-l1-1-0.dll
 0001:000033d0       _c_exit                    00000001400043d0 f   ucrt:api-ms-win-crt-runtime-l1-1-0.dll
 0001:000033d6       _register_thread_local_exe_atexit_callback 00000001400043d6 f   ucrt:api-ms-win-crt-runtime-l1-1-0.dll
 0001:000033dc       _configthreadlocale        00000001400043dc f   ucrt:api-ms-win-crt-locale-l1-1-0.dll
 0001:000033e2       _set_new_mode              00000001400043e2 f   ucrt:api-ms-win-crt-heap-l1-1-0.dll
 0001:000033e8       __p__commode               00000001400043e8 f   ucrt:api-ms-win-crt-stdio-l1-1-0.dll
 0001:000033ee       _initialize_onexit_table   00000001400043ee f   ucrt:api-ms-win-crt-runtime-l1-1-0.dll
 0001:000033f4       _register_onexit_function  00000001400043f4 f   ucrt:api-ms-win-crt-runtime-l1-1-0.dll
 0001:000033fa       _crt_atexit                00000001400043fa f   ucrt:api-ms-win-crt-runtime-l1-1-0.dll
 0001:00003400       terminate                  0000000140004400 f   ucrt:api-ms-win-crt-runtime-l1-1-0.dll
 0001:00003406       SDL_free                   0000000140004406 f   SDL2:SDL2.dll
 0001:0000340c       SDL_malloc                 000000014000440c f   SDL2:SDL2.dll
 0001:00003412       SDL_iconv_string           0000000140004412 f   SDL2:SDL2.dll
 0001:00003418       SDL_wcslen                 0000000140004418 f   SDL2:SDL2.dll
 0001:0000341e       SDL_isspace                000000014000441e f   SDL2:SDL2.dll
 0001:00003424       SDL_SetMainReady           0000000140004424 f   SDL2:SDL2.dll
 0001:0000342c       __acrt_initialize          000000014000442c f   MSVCRT:ucrt_stubs.obj
 0001:0000342c       __vcrt_initialize          000000014000442c f   MSVCRT:ucrt_stubs.obj
 0001:0000342c       _should_initialize_environment 000000014000442c f   MSVCRT:env_mode.obj
 0001:0000342c       __scrt_stub_for_acrt_uninitialize 000000014000442c f   MSVCRT:ucrt_stubs.obj
 0001:0000342c       __vcrt_uninitialize        000000014000442c f   MSVCRT:ucrt_stubs.obj
 0001:0000342c       __acrt_uninitialize        000000014000442c f   MSVCRT:ucrt_stubs.obj
 0001:0000342c       __scrt_stub_for_acrt_initialize 000000014000442c f   MSVCRT:ucrt_stubs.obj
 0001:00003440       _guard_dispatch_icall_nop  0000000140004440 f   MSVCRT:_guard_dispatch_.obj
 0002:00000000       __imp_GetCommandLineW      0000000140005000     kernel32:KERNEL32.dll
 0002:00000008       __imp_GetModuleHandleW     0000000140005008     kernel32:KERNEL32.dll
 0002:00000010       __imp_IsDebuggerPresent    0000000140005010     kernel32:KERNEL32.dll
 0002:00000018       __imp_InitializeSListHead  0000000140005018     kernel32:KERNEL32.dll
 0002:00000020       __imp_GetSystemTimeAsFileTime 0000000140005020     kernel32:KERNEL32.dll
 0002:00000028       __imp_GetCurrentThreadId   0000000140005028     kernel32:KERNEL32.dll
 0002:00000030       __imp_GetCurrentProcessId  0000000140005030     kernel32:KERNEL32.dll
 0002:00000038       __imp_QueryPerformanceCounter 0000000140005038     kernel32:KERNEL32.dll
 0002:00000040       __imp_IsProcessorFeaturePresent 0000000140005040     kernel32:KERNEL32.dll
 0002:00000048       __imp_TerminateProcess     0000000140005048     kernel32:KERNEL32.dll
 0002:00000050       __imp_GetCurrentProcess    0000000140005050     kernel32:KERNEL32.dll
 0002:00000058       __imp_SetUnhandledExceptionFilter 0000000140005058     kernel32:KERNEL32.dll
 0002:00000060       __imp_UnhandledExceptionFilter 0000000140005060     kernel32:KERNEL32.dll
 0002:00000068       __imp_RtlVirtualUnwind     0000000140005068     kernel32:KERNEL32.dll
 0002:00000070       __imp_RtlLookupFunctionEntry 0000000140005070     kernel32:KERNEL32.dll
 0002:00000078       __imp_RtlCaptureContext    0000000140005078     kernel32:KERNEL32.dll
 0002:00000080       __imp_CopyFileA            0000000140005080     kernel32:KERNEL32.dll
 0002:00000088       __imp_VirtualAlloc         0000000140005088     kernel32:KERNEL32.dll
 0002:00000090       __imp_GetFileAttributesExA 0000000140005090     kernel32:KERNEL32.dll
 0002:00000098       __imp_CompareFileTime      0000000140005098     kernel32:KERNEL32.dll
 0002:000000a0       \177KERNEL32_NULL_THUNK_DATA 00000001400050a0     kernel32:KERNEL32.dll
 0002:000000a8       __imp_?_Xout_of_range@std@@YAXPEBD@Z 00000001400050a8     msvcprt:MSVCP140.dll
 0002:000000b0       __imp_?_Xbad_alloc@std@@YAXXZ 00000001400050b0     msvcprt:MSVCP140.dll
 0002:000000b8       __imp_?_Xlength_error@std@@YAXPEBD@Z 00000001400050b8     msvcprt:MSVCP140.dll
 0002:000000c0       \177MSVCP140_NULL_THUNK_DATA 00000001400050c0     msvcprt:MSVCP140.dll
 0002:000000c8       __imp_glViewport           00000001400050c8     opengl32:OPENGL32.dll
 0002:000000d0       __imp_glClear              00000001400050d0     opengl32:OPENGL32.dll
 0002:000000d8       __imp_glClearDepth         00000001400050d8     opengl32:OPENGL32.dll
 0002:000000e0       __imp_glClearColor         00000001400050e0     opengl32:OPENGL32.dll
 0002:000000e8       \177OPENGL32_NULL_THUNK_DATA 00000001400050e8     opengl32:OPENGL32.dll
 0002:000000f0       __imp_SDL_Init             00000001400050f0     SDL2:SDL2.dll
 0002:000000f8       __imp_SDL_Delay            00000001400050f8     SDL2:SDL2.dll
 0002:00000100       __imp_SDL_GetPerformanceFrequency 0000000140005100     SDL2:SDL2.dll
 0002:00000108       __imp_SDL_GetPerformanceCounter 0000000140005108     SDL2:SDL2.dll
 0002:00000110       __imp_SDL_ShowSimpleMessageBox 0000000140005110     SDL2:SDL2.dll
 0002:00000118       __imp_SDL_Log              0000000140005118     SDL2:SDL2.dll
 0002:00000120       __imp_SDL_UnloadObject     0000000140005120     SDL2:SDL2.dll
 0002:00000128       __imp_SDL_LoadFunction     0000000140005128     SDL2:SDL2.dll
 0002:00000130       __imp_SDL_LoadObject       0000000140005130     SDL2:SDL2.dll
 0002:00000138       __imp_SDL_PollEvent        0000000140005138     SDL2:SDL2.dll
 0002:00000140       __imp_SDL_GL_SwapWindow    0000000140005140     SDL2:SDL2.dll
 0002:00000148       __imp_SDL_GL_CreateContext 0000000140005148     SDL2:SDL2.dll
 0002:00000150       __imp_SDL_GL_SetAttribute  0000000140005150     SDL2:SDL2.dll
 0002:00000158       __imp_SDL_GetWindowSurface 0000000140005158     SDL2:SDL2.dll
 0002:00000160       __imp_SDL_SetWindowFullscreen 0000000140005160     SDL2:SDL2.dll
 0002:00000168       __imp_SDL_SetWindowSize    0000000140005168     SDL2:SDL2.dll
 0002:00000170       __imp_SDL_CreateWindow     0000000140005170     SDL2:SDL2.dll
 0002:00000178       __imp_SDL_GetWindowDisplayIndex 0000000140005178     SDL2:SDL2.dll
 0002:00000180       __imp_SDL_GetDesktopDisplayMode 0000000140005180     SDL2:SDL2.dll
 0002:00000188       __imp_SDL_PauseAudioDevice 0000000140005188     SDL2:SDL2.dll
 0002:00000190       __imp_SDL_OpenAudioDevice  0000000140005190     SDL2:SDL2.dll
 0002:00000198       __imp_SDL_GetError         0000000140005198     SDL2:SDL2.dll
 0002:000001a0       __imp_SDL_SetMainReady     00000001400051a0     SDL2:SDL2.dll
 0002:000001a8       __imp_SDL_isspace          00000001400051a8     SDL2:SDL2.dll
 0002:000001b0       __imp_SDL_wcslen           00000001400051b0     SDL2:SDL2.dll
 0002:000001b8       __imp_SDL_iconv_string     00000001400051b8     SDL2:SDL2.dll
 0002:000001c0       __imp_SDL_malloc           00000001400051c0     SDL2:SDL2.dll
 0002:000001c8       __imp_SDL_free             00000001400051c8     SDL2:SDL2.dll
 0002:000001d0       __imp_SDL_memset           00000001400051d0     SDL2:SDL2.dll
 0002:000001d8       \177SDL2_NULL_THUNK_DATA   00000001400051d8     SDL2:SDL2.dll
 0002:000001e0       __imp_memset               00000001400051e0     vcruntime:VCRUNTIME140.dll
 0002:000001e8       __imp___std_exception_destroy 00000001400051e8     vcruntime:VCRUNTIME140.dll
 0002:000001f0       __imp_memmove              00000001400051f0     vcruntime:VCRUNTIME140.dll
 0002:000001f8       __imp___C_specific_handler 00000001400051f8     vcruntime:VCRUNTIME140.dll
 0002:00000200       __imp___CxxFrameHandler3   0000000140005200     vcruntime:VCRUNTIME140.dll
 0002:00000208       __imp___std_exception_copy 0000000140005208     vcruntime:VCRUNTIME140.dll
 0002:00000210       __imp__CxxThrowException   0000000140005210     vcruntime:VCRUNTIME140.dll
 0002:00000218       \177VCRUNTIME140_NULL_THUNK_DATA 0000000140005218     vcruntime:VCRUNTIME140.dll
 0002:00000220       __imp__callnewh            0000000140005220     ucrt:api-ms-win-crt-heap-l1-1-0.dll
 0002:00000228       __imp_malloc               0000000140005228     ucrt:api-ms-win-crt-heap-l1-1-0.dll
 0002:00000230       __imp_free                 0000000140005230     ucrt:api-ms-win-crt-heap-l1-1-0.dll
 0002:00000238       __imp__set_new_mode        0000000140005238     ucrt:api-ms-win-crt-heap-l1-1-0.dll
 0002:00000240       \177api-ms-win-crt-heap-l1-1-0_NULL_THUNK_DATA 0000000140005240     ucrt:api-ms-win-crt-heap-l1-1-0.dll
 0002:00000248       __imp__configthreadlocale  0000000140005248     ucrt:api-ms-win-crt-locale-l1-1-0.dll
 0002:00000250       \177api-ms-win-crt-locale-l1-1-0_NULL_THUNK_DATA 0000000140005250     ucrt:api-ms-win-crt-locale-l1-1-0.dll
 0002:00000258       __imp___setusermatherr     0000000140005258     ucrt:api-ms-win-crt-math-l1-1-0.dll
 0002:00000260       \177api-ms-win-crt-math-l1-1-0_NULL_THUNK_DATA 0000000140005260     ucrt:api-ms-win-crt-math-l1-1-0.dll
 0002:00000268       __imp__seh_filter_exe      0000000140005268     ucrt:api-ms-win-crt-runtime-l1-1-0.dll
 0002:00000270       __imp___p___argc           0000000140005270     ucrt:api-ms-win-crt-runtime-l1-1-0.dll
 0002:00000278       __imp__initterm            0000000140005278     ucrt:api-ms-win-crt-runtime-l1-1-0.dll
 0002:00000280       __imp__cexit               0000000140005280     ucrt:api-ms-win-crt-runtime-l1-1-0.dll
 0002:00000288       __imp__c_exit              0000000140005288     ucrt:api-ms-win-crt-runtime-l1-1-0.dll
 0002:00000290       __imp__register_thread_local_exe_atexit_callback 0000000140005290     ucrt:api-ms-win-crt-runtime-l1-1-0.dll
 0002:00000298       __imp__get_initial_narrow_environment 0000000140005298     ucrt:api-ms-win-crt-runtime-l1-1-0.dll
 0002:000002a0       __imp__set_app_type        00000001400052a0     ucrt:api-ms-win-crt-runtime-l1-1-0.dll
 0002:000002a8       __imp__exit                00000001400052a8     ucrt:api-ms-win-crt-runtime-l1-1-0.dll
 0002:000002b0       __imp__initialize_onexit_table 00000001400052b0     ucrt:api-ms-win-crt-runtime-l1-1-0.dll
 0002:000002b8       __imp__register_onexit_function 00000001400052b8     ucrt:api-ms-win-crt-runtime-l1-1-0.dll
 0002:000002c0       __imp__crt_atexit          00000001400052c0     ucrt:api-ms-win-crt-runtime-l1-1-0.dll
 0002:000002c8       __imp_terminate            00000001400052c8     ucrt:api-ms-win-crt-runtime-l1-1-0.dll
 0002:000002d0       __imp__configure_narrow_argv 00000001400052d0     ucrt:api-ms-win-crt-runtime-l1-1-0.dll
 0002:000002d8       __imp_exit                 00000001400052d8     ucrt:api-ms-win-crt-runtime-l1-1-0.dll
 0002:000002e0       __imp__initialize_narrow_environment 00000001400052e0     ucrt:api-ms-win-crt-runtime-l1-1-0.dll
 0002:000002e8       __imp__initterm_e          00000001400052e8     ucrt:api-ms-win-crt-runtime-l1-1-0.dll
 0002:000002f0       __imp__invalid_parameter_noinfo_noreturn 00000001400052f0     ucrt:api-ms-win-crt-runtime-l1-1-0.dll
 0002:000002f8       __imp___p___argv           00000001400052f8     ucrt:api-ms-win-crt-runtime-l1-1-0.dll
 0002:00000300       \177api-ms-win-crt-runtime-l1-1-0_NULL_THUNK_DATA 0000000140005300     ucrt:api-ms-win-crt-runtime-l1-1-0.dll
 0002:00000308       __imp___p__commode         0000000140005308     ucrt:api-ms-win-crt-stdio-l1-1-0.dll
 0002:00000310       __imp__set_fmode           0000000140005310     ucrt:api-ms-win-crt-stdio-l1-1-0.dll
 0002:00000318       __imp___stdio_common_vfprintf 0000000140005318     ucrt:api-ms-win-crt-stdio-l1-1-0.dll
 0002:00000320       __imp___acrt_iob_func      0000000140005320     ucrt:api-ms-win-crt-stdio-l1-1-0.dll
 0002:00000328       \177api-ms-win-crt-stdio-l1-1-0_NULL_THUNK_DATA 0000000140005328     ucrt:api-ms-win-crt-stdio-l1-1-0.dll
 0002:00000330       __guard_check_icall_fptr   0000000140005330     MSVCRT:guard_support.obj
 0002:00000338       __guard_dispatch_icall_fptr 0000000140005338     MSVCRT:guard_support.obj
 0002:00000340       __xc_a                     0000000140005340     MSVCRT:initializers.obj
 0002:00000350       __xc_z                     0000000140005350     MSVCRT:initializers.obj
 0002:00000358       __xi_a                     0000000140005358     MSVCRT:initializers.obj
 0002:00000370       __xi_z                     0000000140005370     MSVCRT:initializers.obj
 0002:00000378       __xp_a                     0000000140005378     MSVCRT:initializers.obj
 0002:00000380       __xp_z                     0000000140005380     MSVCRT:initializers.obj
 0002:00000388       __xt_a                     0000000140005388     MSVCRT:initializers.obj
 0002:00000390       __xt_z                     0000000140005390     MSVCRT:initializers.obj
 0002:00000650       ??_C@_0BA@JFNIOLAK@string?5too?5long?$AA@ 0000000140005650     sdl_handmade.obj
 0002:00000660       ??_C@_0BI@CFPLBAOH@invalid?5string?5position?$AA@ 0000000140005660     sdl_handmade.obj
 0002:00000678       __real@3e19999a            0000000140005678     sdl_handmade.obj
 0002:0000067c       __real@3e99999a            000000014000567c     sdl_handmade.obj
 0002:00000680       __real@3f800000            0000000140005680     sdl_handmade.obj
 0002:00000688       __real@3ff0000000000000    0000000140005688     sdl_handmade.obj
 0002:00000690       __real@40000000            0000000140005690     sdl_handmade.obj
 0002:00000698       __real@4059000000000000    0000000140005698     sdl_handmade.obj
 0002:000006a0       __real@42c80000            00000001400056a0     sdl_handmade.obj
 0002:000006a4       __real@447a0000            00000001400056a4     sdl_handmade.obj
 0002:000006a8       __real@5f800000            00000001400056a8     sdl_handmade.obj
 0002:000006b8       ??_7exception@std@@6B@     00000001400056b8     MSVCRT:throw_bad_alloc.obj
 0002:000006c8       ??_C@_0BC@EOODALEL@Unknown?5exception?$AA@ 00000001400056c8     MSVCRT:throw_bad_alloc.obj
 0002:000006e8       ??_7bad_alloc@std@@6B@     00000001400056e8     MSVCRT:throw_bad_alloc.obj
 0002:000006f8       ??_C@_0P@GHFPNOJB@bad?5allocation?$AA@ 00000001400056f8     MSVCRT:throw_bad_alloc.obj
 0002:00000710       ??_7bad_array_new_length@std@@6B@ 0000000140005710     MSVCRT:throw_bad_alloc.obj
 0002:00000720       ??_C@_0BF@KINCDENJ@bad?5array?5new?5length?$AA@ 0000000140005720     MSVCRT:throw_bad_alloc.obj
 0002:00000750       ??_7type_info@@6B@         0000000140005750     MSVCRT:std_type_info_static.obj
 0002:00000758       ??_C@_05EGJIMALK@UTF?98?$AA@ 0000000140005758     SDL2main:SDL_windows_main.obj
 0002:00000760       ??_C@_08NBDJLNFA@UTF?916LE?$AA@ 0000000140005760     SDL2main:SDL_windows_main.obj
 0002:00000770       ??_C@_0M@HFFOIJBL@Fatal?5Error?$AA@ 0000000140005770     SDL2main:SDL_windows_main.obj
 0002:00000780       ??_C@_0BJ@HFNMHALN@Out?5of?5memory?5?9?5aborting?$AA@ 0000000140005780     SDL2main:SDL_windows_main.obj
 0002:00000800       _load_config_used          0000000140005800     MSVCRT:loadcfg.obj
 0002:00000898       ??_R4exception@std@@6B@    0000000140005898     MSVCRT:throw_bad_alloc.obj
 0002:000008c0       ??_R3exception@std@@8      00000001400058c0     MSVCRT:throw_bad_alloc.obj
 0002:000008d8       ??_R2exception@std@@8      00000001400058d8     MSVCRT:throw_bad_alloc.obj
 0002:000008e8       ??_R1A@?0A@EA@exception@std@@8 00000001400058e8     MSVCRT:throw_bad_alloc.obj
 0002:00000910       ??_R4bad_alloc@std@@6B@    0000000140005910     MSVCRT:throw_bad_alloc.obj
 0002:00000938       ??_R3bad_alloc@std@@8      0000000140005938     MSVCRT:throw_bad_alloc.obj
 0002:00000950       ??_R2bad_alloc@std@@8      0000000140005950     MSVCRT:throw_bad_alloc.obj
 0002:00000968       ??_R1A@?0A@EA@bad_alloc@std@@8 0000000140005968     MSVCRT:throw_bad_alloc.obj
 0002:00000990       ??_R4bad_array_new_length@std@@6B@ 0000000140005990     MSVCRT:throw_bad_alloc.obj
 0002:000009b8       ??_R3bad_array_new_length@std@@8 00000001400059b8     MSVCRT:throw_bad_alloc.obj
 0002:000009d0       ??_R2bad_array_new_length@std@@8 00000001400059d0     MSVCRT:throw_bad_alloc.obj
 0002:000009f0       ??_R1A@?0A@EA@bad_array_new_length@std@@8 00000001400059f0     MSVCRT:throw_bad_alloc.obj
 0002:00000a18       ??_R4type_info@@6B@        0000000140005a18     MSVCRT:std_type_info_static.obj
 0002:00000a40       ??_R3type_info@@8          0000000140005a40     MSVCRT:std_type_info_static.obj
 0002:00000a58       ??_R2type_info@@8          0000000140005a58     MSVCRT:std_type_info_static.obj
 0002:00000a68       ??_R1A@?0A@EA@type_info@@8 0000000140005a68     MSVCRT:std_type_info_static.obj
 0002:00000d78       __rtc_iaa                  0000000140005d78     MSVCRT:_initsect_.obj
 0002:00000d80       __rtc_izz                  0000000140005d80     MSVCRT:_initsect_.obj
 0002:00000d88       __rtc_taa                  0000000140005d88     MSVCRT:_initsect_.obj
 0002:00000d90       __rtc_tzz                  0000000140005d90     MSVCRT:_initsect_.obj
 0002:00001110       _TI2?AVbad_alloc@std@@     0000000140006110     MSVCRT:throw_bad_alloc.obj
 0002:00001130       _CTA2?AVbad_alloc@std@@    0000000140006130     MSVCRT:throw_bad_alloc.obj
 0002:00001148       _CT??_R0?AVbad_alloc@std@@@8??0bad_alloc@std@@QEAA@AEBV01@@Z24 0000000140006148     MSVCRT:throw_bad_alloc.obj
 0002:00001170       _CT??_R0?AVexception@std@@@8??0exception@std@@QEAA@AEBV01@@Z24 0000000140006170     MSVCRT:throw_bad_alloc.obj
 0002:00001198       _TI3?AVbad_array_new_length@std@@ 0000000140006198     MSVCRT:throw_bad_alloc.obj
 0002:000011b8       _CTA3?AVbad_array_new_length@std@@ 00000001400061b8     MSVCRT:throw_bad_alloc.obj
 0002:000011d8       _CT??_R0?AVbad_array_new_length@std@@@8??0bad_array_new_length@std@@QEAA@AEBV01@@Z24 00000001400061d8     MSVCRT:throw_bad_alloc.obj
 0002:000011fc       __IMPORT_DESCRIPTOR_SDL2   00000001400061fc     SDL2:SDL2.dll
 0002:00001210       __IMPORT_DESCRIPTOR_OPENGL32 0000000140006210     opengl32:OPENGL32.dll
 0002:00001224       __IMPORT_DESCRIPTOR_MSVCP140 0000000140006224     msvcprt:MSVCP140.dll
 0002:00001238       __IMPORT_DESCRIPTOR_KERNEL32 0000000140006238     kernel32:KERNEL32.dll
 0002:0000124c       __IMPORT_DESCRIPTOR_VCRUNTIME140 000000014000624c     vcruntime:VCRUNTIME140.dll
 0002:00001260       __IMPORT_DESCRIPTOR_api-ms-win-crt-runtime-l1-1-0 0000000140006260     ucrt:api-ms-win-crt-runtime-l1-1-0.dll
 0002:00001274       __IMPORT_DESCRIPTOR_api-ms-win-crt-stdio-l1-1-0 0000000140006274     ucrt:api-ms-win-crt-stdio-l1-1-0.dll
 0002:00001288       __IMPORT_DESCRIPTOR_api-ms-win-crt-heap-l1-1-0 0000000140006288     ucrt:api-ms-win-crt-heap-l1-1-0.dll
 0002:0000129c       __IMPORT_DESCRIPTOR_api-ms-win-crt-math-l1-1-0 000000014000629c     ucrt:api-ms-win-crt-math-l1-1-0.dll
 0002:000012b0       __IMPORT_DESCRIPTOR_api-ms-win-crt-locale-l1-1-0 00000001400062b0     ucrt:api-ms-win-crt-locale-l1-1-0.dll
 0002:000012c4       __NULL_IMPORT_DESCRIPTOR   00000001400062c4     SDL2:SDL2.dll
 0003:00000000       __security_cookie          0000000140007000     MSVCRT:gs_cookie.obj
 0003:00000008       __security_cookie_complement 0000000140007008     MSVCRT:gs_cookie.obj
 0003:00000010       _fltused                   0000000140007010     MSVCRT:dllsupp.obj
 0003:00000014       __scrt_native_dllmain_reason 0000000140007014     MSVCRT:utility.obj
 0003:00000018       __scrt_default_matherr     0000000140007018     MSVCRT:matherr.obj
 0003:00000020       __isa_available            0000000140007020     MSVCRT:_cpu_disp_.obj
 0003:00000024       __isa_enabled              0000000140007024     MSVCRT:_cpu_disp_.obj
 0003:00000028       __memcpy_nt_iters          0000000140007028     MSVCRT:_cpu_disp_.obj
 0003:00000030       __scrt_ucrt_dll_is_in_use  0000000140007030     MSVCRT:ucrt_stubs.obj
 0003:00000038       ??_R0?AVbad_alloc@std@@@8  0000000140007038     MSVCRT:throw_bad_alloc.obj
 0003:00000060       ??_R0?AVexception@std@@@8  0000000140007060     MSVCRT:throw_bad_alloc.obj
 0003:00000088       ??_R0?AVbad_array_new_length@std@@@8 0000000140007088     MSVCRT:throw_bad_alloc.obj
 0003:000000b8       ??_R0?AVtype_info@@@8      00000001400070b8     MSVCRT:std_type_info_static.obj
 0003:000000e0       ?_OptionsStorage@?1??__local_stdio_printf_options@@9@4_KA 00000001400070e0     sdl_handmade.obj
 0003:00000660       __scrt_current_native_startup_state 0000000140007660     MSVCRT:utility.obj
 0003:00000668       __scrt_native_startup_lock 0000000140007668     MSVCRT:utility.obj
 0003:000006b0       ?__type_info_root_node@@3U__type_info_node@@A 00000001400076b0     MSVCRT:tncleanup.obj
 0003:000006c0       ?_OptionsStorage@?1??__local_stdio_scanf_options@@9@4_KA 00000001400076c0     MSVCRT:default_local_stdio_options.obj
 0003:000006c8       __scrt_debugger_hook_flag  00000001400076c8     MSVCRT:utility_desktop.obj
 0003:000006cc       __favor                    00000001400076cc     MSVCRT:_cpu_disp_.obj
 0003:000006d0       __dyn_tls_dtor_callback    00000001400076d0     <common>
 0003:000006d8       __dyn_tls_init_callback    00000001400076d8     <common>

 entry point at        0001:000027c4

 Static symbols

 0000:ffff5000       .debug$S                   0000000140000000     kernel32:KERNEL32.dll
 0000:ffff5000       .debug$S                   0000000140000000     ucrt:api-ms-win-crt-heap-l1-1-0.dll
 0000:ffff5000       .debug$S                   0000000140000000     ucrt:api-ms-win-crt-heap-l1-1-0.dll
 0000:ffff5000       .debug$S                   0000000140000000     ucrt:api-ms-win-crt-heap-l1-1-0.dll
 0000:ffff5000       .debug$S                   0000000140000000     ucrt:api-ms-win-crt-heap-l1-1-0.dll
 0000:ffff5000       .debug$S                   0000000140000000     ucrt:api-ms-win-crt-locale-l1-1-0.dll
 0000:ffff5000       .debug$S                   0000000140000000     ucrt:api-ms-win-crt-math-l1-1-0.dll
 0000:ffff5000       .debug$S                   0000000140000000     ucrt:api-ms-win-crt-runtime-l1-1-0.dll
 0000:ffff5000       .debug$S                   0000000140000000     ucrt:api-ms-win-crt-runtime-l1-1-0.dll
 0000:ffff5000       .debug$S                   0000000140000000     ucrt:api-ms-win-crt-runtime-l1-1-0.dll
 0000:ffff5000       .debug$S                   0000000140000000     ucrt:api-ms-win-crt-runtime-l1-1-0.dll
 0000:ffff5000       .debug$S                   0000000140000000     ucrt:api-ms-win-crt-runtime-l1-1-0.dll
 0000:ffff5000       .debug$S                   0000000140000000     ucrt:api-ms-win-crt-runtime-l1-1-0.dll
 0000:ffff5000       .debug$S                   0000000140000000     ucrt:api-ms-win-crt-runtime-l1-1-0.dll
 0000:ffff5000       .debug$S                   0000000140000000     ucrt:api-ms-win-crt-runtime-l1-1-0.dll
 0000:ffff5000       .debug$S                   0000000140000000     ucrt:api-ms-win-crt-runtime-l1-1-0.dll
 0000:ffff5000       .debug$S                   0000000140000000     ucrt:api-ms-win-crt-runtime-l1-1-0.dll
 0000:ffff5000       .debug$S                   0000000140000000     ucrt:api-ms-win-crt-runtime-l1-1-0.dll
 0000:ffff5000       .debug$S                   0000000140000000     ucrt:api-ms-win-crt-runtime-l1-1-0.dll
 0000:ffff5000       .debug$S                   0000000140000000     SDL2:SDL2.dll
 0000:ffff5000       .debug$S                   0000000140000000     SDL2:SDL2.dll
 0000:ffff5000       .debug$S                   0000000140000000     SDL2:SDL2.dll
 0000:ffff5000       .debug$S                   0000000140000000     SDL2:SDL2.dll
 0000:ffff5000       .debug$S                   0000000140000000     SDL2:SDL2.dll
 0000:ffff5000       .debug$S                   0000000140000000     SDL2:SDL2.dll
 0000:ffff5000       .debug$S                   0000000140000000     SDL2:SDL2.dll
 0000:ffff5000       .debug$S                   0000000140000000     SDL2:SDL2.dll
 0000:ffff5000       .debug$S                   0000000140000000     SDL2:SDL2.dll
 0000:ffff5000       .debug$S                   0000000140000000     SDL2:SDL2.dll
 0000:ffff5000       .debug$S                   0000000140000000     SDL2:SDL2.dll
 0000:ffff5000       .debug$S                   0000000140000000     SDL2:SDL2.dll
 0000:ffff5000       .debug$S                   0000000140000000     ucrt:api-ms-win-crt-runtime-l1-1-0.dll
 0000:ffff5000       .debug$S                   0000000140000000     ucrt:api-ms-win-crt-runtime-l1-1-0.dll
 0000:ffff5000       .debug$S                   0000000140000000     ucrt:api-ms-win-crt-runtime-l1-1-0.dll
 0000:ffff5000       .debug$S                   0000000140000000     ucrt:api-ms-win-crt-runtime-l1-1-0.dll
 0000:ffff5000       .debug$S                   0000000140000000     ucrt:api-ms-win-crt-runtime-l1-1-0.dll
 0000:ffff5000       .debug$S                   0000000140000000     ucrt:api-ms-win-crt-runtime-l1-1-0.dll
 0000:ffff5000       .debug$S                   0000000140000000     ucrt:api-ms-win-crt-runtime-l1-1-0.dll
 0000:ffff5000       .debug$S                   0000000140000000     ucrt:api-ms-win-crt-runtime-l1-1-0.dll
 0000:ffff5000       .debug$S                   0000000140000000     ucrt:api-ms-win-crt-runtime-l1-1-0.dll
 0000:ffff5000       .debug$S                   0000000140000000     ucrt:api-ms-win-crt-runtime-l1-1-0.dll
 0000:ffff5000       .debug$S                   0000000140000000     ucrt:api-ms-win-crt-stdio-l1-1-0.dll
 0000:ffff5000       .debug$S                   0000000140000000     ucrt:api-ms-win-crt-stdio-l1-1-0.dll
 0000:ffff5000       .debug$S                   0000000140000000     ucrt:api-ms-win-crt-stdio-l1-1-0.dll
 0000:ffff5000       .debug$S                   0000000140000000     ucrt:api-ms-win-crt-stdio-l1-1-0.dll
 0000:ffff5000       .debug$S                   0000000140000000     vcruntime:VCRUNTIME140.dll
 0000:ffff5000       .debug$S                   0000000140000000     vcruntime:VCRUNTIME140.dll
 0000:ffff5000       .debug$S                   0000000140000000     vcruntime:VCRUNTIME140.dll
 0000:ffff5000       .debug$S                   0000000140000000     vcruntime:VCRUNTIME140.dll
 0000:ffff5000       .debug$S                   0000000140000000     vcruntime:VCRUNTIME140.dll
 0000:ffff5000       .debug$S                   0000000140000000     vcruntime:VCRUNTIME140.dll
 0000:ffff5000       .debug$S                   0000000140000000     vcruntime:VCRUNTIME140.dll
 0000:ffff5000       .debug$S                   0000000140000000     vcruntime:VCRUNTIME140.dll
 0000:ffff5000       .debug$S                   0000000140000000     kernel32:KERNEL32.dll
 0000:ffff5000       .debug$S                   0000000140000000     kernel32:KERNEL32.dll
 0000:ffff5000       .debug$S                   0000000140000000     kernel32:KERNEL32.dll
 0000:ffff5000       .debug$S                   0000000140000000     kernel32:KERNEL32.dll
 0000:ffff5000       .debug$S                   0000000140000000     kernel32:KERNEL32.dll
 0000:ffff5000       .debug$S                   0000000140000000     kernel32:KERNEL32.dll
 0000:ffff5000       .debug$S                   0000000140000000     kernel32:KERNEL32.dll
 0000:ffff5000       .debug$S                   0000000140000000     kernel32:KERNEL32.dll
 0000:ffff5000       .debug$S                   0000000140000000     kernel32:KERNEL32.dll
 0000:ffff5000       .debug$S                   0000000140000000     kernel32:KERNEL32.dll
 0000:ffff5000       .debug$S                   0000000140000000     SDL2:SDL2.dll
 0000:ffff5000       .debug$S                   0000000140000000     kernel32:KERNEL32.dll
 0000:ffff5000       .debug$S                   0000000140000000     kernel32:KERNEL32.dll
 0000:ffff5000       .debug$S                   0000000140000000     kernel32:KERNEL32.dll
 0000:ffff5000       .debug$S                   0000000140000000     kernel32:KERNEL32.dll
 0000:ffff5000       .debug$S                   0000000140000000     kernel32:KERNEL32.dll
 0000:ffff5000       .debug$S                   0000000140000000     kernel32:KERNEL32.dll
 0000:ffff5000       .debug$S                   0000000140000000     kernel32:KERNEL32.dll
 0000:ffff5000       .debug$S                   0000000140000000     kernel32:KERNEL32.dll
 0000:ffff5000       .debug$S                   0000000140000000     kernel32:KERNEL32.dll
 0000:ffff5000       .debug$S                   0000000140000000     kernel32:KERNEL32.dll
 0000:ffff5000       .debug$S                   0000000140000000     SDL2:SDL2.dll
 0000:ffff5000       .debug$S                   0000000140000000     SDL2:SDL2.dll
 0000:ffff5000       .debug$S                   0000000140000000     SDL2:SDL2.dll
 0000:ffff5000       .debug$S                   0000000140000000     SDL2:SDL2.dll
 0000:ffff5000       .debug$S                   0000000140000000     SDL2:SDL2.dll
 0000:ffff5000       .debug$S                   0000000140000000     SDL2:SDL2.dll
 0000:ffff5000       .debug$S                   0000000140000000     SDL2:SDL2.dll
 0000:ffff5000       .debug$S                   0000000140000000     SDL2:SDL2.dll
 0000:ffff5000       .debug$S                   0000000140000000     SDL2:SDL2.dll
 0000:ffff5000       .debug$S                   0000000140000000     SDL2:SDL2.dll
 0000:ffff5000       .debug$S                   0000000140000000     opengl32:OPENGL32.dll
 0000:ffff5000       .debug$S                   0000000140000000     opengl32:OPENGL32.dll
 0000:ffff5000       .debug$S                   0000000140000000     SDL2:SDL2.dll
 0000:ffff5000       .debug$S                   0000000140000000     SDL2:SDL2.dll
 0000:ffff5000       .debug$S                   0000000140000000     SDL2:SDL2.dll
 0000:ffff5000       .debug$S                   0000000140000000     SDL2:SDL2.dll
 0000:ffff5000       .debug$S                   0000000140000000     SDL2:SDL2.dll
 0000:ffff5000       .debug$S                   0000000140000000     SDL2:SDL2.dll
 0000:ffff5000       .debug$S                   0000000140000000     msvcprt:MSVCP140.dll
 0000:ffff5000       .debug$S                   0000000140000000     msvcprt:MSVCP140.dll
 0000:ffff5000       .debug$S                   0000000140000000     msvcprt:MSVCP140.dll
 0000:ffff5000       .debug$S                   0000000140000000     opengl32:OPENGL32.dll
 0000:ffff5000       .debug$S                   0000000140000000     opengl32:OPENGL32.dll
 0001:00000020       main_getcmdline            0000000140001020 f   SDL2main:SDL_windows_main.obj
 0001:000000f0       ParseCommandLine           00000001400010f0 f   SDL2main:SDL_windows_main.obj
 0001:000002e0       UnEscapeQuotes             00000001400012e0 f   SDL2main:SDL_windows_main.obj
 0001:000003a0       OutOfMemory                00000001400013a0 f   SDL2main:SDL_windows_main.obj
 0001:000003d0       main_utf8                  00000001400013d0 f   SDL2main:SDL_windows_main.obj
 0001:00000d90       ?Win32LoadGameCode@@YA?AUwin32_game_code@@V?$basic_string@DU?$char_traits@D@std@@V?$allocator@D@2@@std@@0@Z 0000000140001d90 f   sdl_handmade.obj
 0001:00000f40       ?Win32UnloadGameCode@@YAXPEAUwin32_game_code@@@Z 0000000140001f40 f   sdl_handmade.obj
 0001:00000fa0       ?SDLCustom_OpenAudioContext@@YA_NUSDL_AudioSpec@@0I@Z 0000000140001fa0 f   sdl_handmade.obj
 0001:00001080       ?SDLCustom_GetMonitorRefreshRate@@YAHPEAUSDL_Window@@@Z 0000000140002080 f   sdl_handmade.obj
 0001:000010f0       ?SDLCustom_GetSecondsElapsed@@YAM_K00@Z 00000001400020f0 f   sdl_handmade.obj
 0001:00002530       $$000000                   0000000140003530     MSVCRT:_amdsecgs_.obj
 0001:00002564       ?pre_c_initialization@@YAHXZ 0000000140003564 f   MSVCRT:exe_main.obj
 0001:00002620       ?post_pgo_initialization@@YAHXZ 0000000140003620 f   MSVCRT:exe_main.obj
 0001:00002630       ?pre_cpp_initialization@@YAXXZ 0000000140003630 f   MSVCRT:exe_main.obj
 0001:0000264c       ?__scrt_common_main_seh@@YAHXZ 000000014000364c f   MSVCRT:exe_main.obj
 0001:00002a84       capture_previous_context   0000000140003a84 f   MSVCRT:gs_report.obj
 0001:00003430       $$000000                   0000000140004430     MSVCRT:_guard_dispatch_.obj
 0001:00003450       ?dtor$0@?0??Win32LoadGameCode@@YA?AUwin32_game_code@@V?$basic_string@DU?$char_traits@D@std@@V?$allocator@D@2@@std@@0@Z@4HA 0000000140004450 f   sdl_handmade.obj
 0001:0000346b       ?dtor$1@?0??Win32LoadGameCode@@YA?AUwin32_game_code@@V?$basic_string@DU?$char_traits@D@std@@V?$allocator@D@2@@std@@0@Z@4HA 000000014000446b f   sdl_handmade.obj
 0001:00003490       ?dtor$0@?0???0?$basic_string@DU?$char_traits@D@std@@V?$allocator@D@2@@std@@QEAA@PEBD@Z@4HA 0000000140004490 f   sdl_handmade.obj
 0001:000034b0       ?catch$1@?0??_Copy@?$basic_string@DU?$char_traits@D@std@@V?$allocator@D@2@@std@@QEAAX_K0@Z@4HA 00000001400044b0 f   sdl_handmade.obj
 0001:000034bd       __catch$?_Copy@?$basic_string@DU?$char_traits@D@std@@V?$allocator@D@2@@std@@QEAAX_K0@Z$0 00000001400044bd f   sdl_handmade.obj
 0001:0000350a       ?catch$0@?0??_Copy@?$basic_string@DU?$char_traits@D@std@@V?$allocator@D@2@@std@@QEAAX_K0@Z@4HA 000000014000450a f   sdl_handmade.obj
 0001:00003517       __catch$?_Copy@?$basic_string@DU?$char_traits@D@std@@V?$allocator@D@2@@std@@QEAAX_K0@Z$1 0000000140004517 f   sdl_handmade.obj
 0001:00003540       ?filt$0@?0??__scrt_common_main_seh@@YAHXZ@4HA 0000000140004540 f   MSVCRT:exe_main.obj
 0001:0000355e       __scrt_is_nonwritable_in_current_image$filt$0 000000014000455e f   MSVCRT:utility.obj
 0002:00000348       ?pre_cpp_initializer@@3P6AXXZEA 0000000140005348     MSVCRT:exe_main.obj
 0002:00000360       ?pre_c_initializer@@3P6AHXZEA 0000000140005360     MSVCRT:exe_main.obj
 0002:00000368       ?post_pgo_initializer@@3P6AHXZEA 0000000140005368     MSVCRT:exe_main.obj
 0002:000003a0       $SG136684                  00000001400053a0     sdl_handmade.obj
 0002:000003b8       $SG136685                  00000001400053b8     sdl_handmade.obj
 0002:000003d0       $SG136688                  00000001400053d0     sdl_handmade.obj
 0002:00000408       $SG136689                  0000000140005408     sdl_handmade.obj
 0002:00000418       $SG136702                  0000000140005418     sdl_handmade.obj
 0002:00000438       $SG136704                  0000000140005438     sdl_handmade.obj
 0002:00000460       $SG136769                  0000000140005460     sdl_handmade.obj
 0002:00000478       $SG136770                  0000000140005478     sdl_handmade.obj
 0002:00000488       $SG136771                  0000000140005488     sdl_handmade.obj
 0002:000004a0       $SG136775                  00000001400054a0     sdl_handmade.obj
 0002:000004b8       $SG136776                  00000001400054b8     sdl_handmade.obj
 0002:000004c8       $SG136779                  00000001400054c8     sdl_handmade.obj
 0002:000004e8       $SG136780                  00000001400054e8     sdl_handmade.obj
 0002:000004f8       $SG136782                  00000001400054f8     sdl_handmade.obj
 0002:00000508       $SG136784                  0000000140005508     sdl_handmade.obj
 0002:00000520       $SG136785                  0000000140005520     sdl_handmade.obj
 0002:00000530       $SG136791                  0000000140005530     sdl_handmade.obj
 0002:00000548       $SG136792                  0000000140005548     sdl_handmade.obj
 0002:00000578       $SG136793                  0000000140005578     sdl_handmade.obj
 0002:00000588       $cppxdata$?Win32LoadGameCode@@YA?AUwin32_game_code@@V?$basic_string@DU?$char_traits@D@std@@V?$allocator@D@2@@std@@0@Z 0000000140005588     sdl_handmade.obj
 0002:000005b0       $cppxdata$??0?$basic_string@DU?$char_traits@D@std@@V?$allocator@D@2@@std@@QEAA@PEBD@Z 00000001400055b0     sdl_handmade.obj
 0002:000005d8       $cppxdata$??1?$basic_string@DU?$char_traits@D@std@@V?$allocator@D@2@@std@@QEAA@XZ 00000001400055d8     sdl_handmade.obj
 0002:00000600       $cppxdata$?c_str@?$basic_string@DU?$char_traits@D@std@@V?$allocator@D@2@@std@@QEBAPEBDXZ 0000000140005600     sdl_handmade.obj
 0002:00000628       $cppxdata$?_Copy@?$basic_string@DU?$char_traits@D@std@@V?$allocator@D@2@@std@@QEAAX_K0@Z 0000000140005628     sdl_handmade.obj
 0002:00000738       GS_ExceptionPointers       0000000140005738     MSVCRT:gs_report.obj
 0002:00000da0       $unwind$_vfprintf_l        0000000140005da0     sdl_handmade.obj
 0002:00000da0       $unwind$printf             0000000140005da0     sdl_handmade.obj
 0002:00000da0       $unwind$?assign@?$basic_string@DU?$char_traits@D@std@@V?$allocator@D@2@@std@@QEAAAEAV12@AEBV12@_K1@Z 0000000140005da0     sdl_handmade.obj
 0002:00000da8       $unwind$?copy@?$char_traits@D@std@@SAPEADPEADPEBD_K@Z 0000000140005da8     sdl_handmade.obj
 0002:00000db4       $unwind$?_Deallocate@std@@YAXPEAX_K1@Z 0000000140005db4     sdl_handmade.obj
 0002:00000db4       $unwind$?_Allocate@std@@YAPEAX_K0_N@Z 0000000140005db4     sdl_handmade.obj
 0002:00000dbc       $unwind$?assign@?$basic_string@DU?$char_traits@D@std@@V?$allocator@D@2@@std@@QEAAAEAV12@PEBD@Z 0000000140005dbc     sdl_handmade.obj
 0002:00000dbc       $unwind$?allocate@?$allocator@D@std@@QEAAPEAD_K@Z 0000000140005dbc     sdl_handmade.obj
 0002:00000dbc       $unwind$?allocate@?$_Wrap_alloc@V?$allocator@D@std@@@std@@QEAAPEAD_K@Z 0000000140005dbc     sdl_handmade.obj
 0002:00000dbc       $unwind$?_Check_offset@?$basic_string@DU?$char_traits@D@std@@V?$allocator@D@2@@std@@QEBAX_K@Z 0000000140005dbc     sdl_handmade.obj
 0002:00000dbc       $unwind$?erase@?$basic_string@DU?$char_traits@D@std@@V?$allocator@D@2@@std@@QEAAAEAV12@_K@Z 0000000140005dbc     sdl_handmade.obj
 0002:00000dbc       $unwind$??$destroy@PEAD@?$allocator_traits@V?$allocator@D@std@@@std@@SAXAEAV?$allocator@D@1@PEAPEAD@Z 0000000140005dbc     sdl_handmade.obj
 0002:00000dbc       $unwind$??$destroy@PEAD@?$_Wrap_alloc@V?$allocator@D@std@@@std@@QEAAXPEAPEAD@Z 0000000140005dbc     sdl_handmade.obj
 0002:00000dc4       $unwind$??$?0$$V@?$_Compressed_pair@U?$_Wrap_alloc@V?$allocator@D@std@@@std@@V?$_String_val@U?$_Simple_types@D@std@@@2@$00@std@@QEAA@U_Zero_then_variadic_args_t@1@@Z 0000000140005dc4     sdl_handmade.obj
 0002:00000dc4       $unwind$?max_size@?$_Wrap_alloc@V?$allocator@D@std@@@std@@QEBA_KU_Nil@2@@Z 0000000140005dc4     sdl_handmade.obj
 0002:00000dcc       $unwind$?_Myptr@?$_String_val@U?$_Simple_types@D@std@@@std@@QEBAPEBDXZ 0000000140005dcc     sdl_handmade.obj
 0002:00000dcc       $unwind$?_Myptr@?$_String_val@U?$_Simple_types@D@std@@@std@@QEAAPEADXZ 0000000140005dcc     sdl_handmade.obj
 0002:00000dcc       $unwind$__report_gsfailure 0000000140005dcc     MSVCRT:gs_report.obj
 0002:00000dcc       $unwind$??0?$_String_alloc@U?$_String_base_types@DV?$allocator@D@std@@@std@@@std@@QEAA@XZ 0000000140005dcc     sdl_handmade.obj
 0002:00000dd4       $unwind$??1?$_String_val@U?$_Simple_types@D@std@@@std@@QEAA@XZ 0000000140005dd4     sdl_handmade.obj
 0002:00000dd4       $unwind$?_Myptr@?$_String_alloc@U?$_String_base_types@DV?$allocator@D@std@@@std@@@std@@QEAAPEADXZ 0000000140005dd4     sdl_handmade.obj
 0002:00000dd4       $unwind$?_Myptr@?$_String_alloc@U?$_String_base_types@DV?$allocator@D@std@@@std@@@std@@QEBAPEBDXZ 0000000140005dd4     sdl_handmade.obj
 0002:00000dd4       $unwind$?_Getal@?$_String_alloc@U?$_String_base_types@DV?$allocator@D@std@@@std@@@std@@QEAAAEAU?$_Wrap_alloc@V?$allocator@D@std@@@2@XZ 0000000140005dd4     sdl_handmade.obj
 0002:00000dd4       $unwind$?max_size@?$allocator_traits@V?$allocator@D@std@@@std@@SA_KAEBV?$allocator@D@2@@Z 0000000140005dd4     sdl_handmade.obj
 0002:00000dd4       $unwind$??0?$_String_val@U?$_Simple_types@D@std@@@std@@QEAA@XZ 0000000140005dd4     sdl_handmade.obj
 0002:00000dd4       $unwind$?length@?$char_traits@D@std@@SA_KPEBD@Z 0000000140005dd4     sdl_handmade.obj
 0002:00000dd4       $unwind$?_Xlen@?$basic_string@DU?$char_traits@D@std@@V?$allocator@D@2@@std@@QEBAXXZ 0000000140005dd4     sdl_handmade.obj
 0002:00000dd4       $unwind$??1?$_String_alloc@U?$_String_base_types@DV?$allocator@D@std@@@std@@@std@@QEAA@XZ 0000000140005dd4     sdl_handmade.obj
 0002:00000dd4       $unwind$?_Getal@?$_String_alloc@U?$_String_base_types@DV?$allocator@D@std@@@std@@@std@@QEBAAEBU?$_Wrap_alloc@V?$allocator@D@std@@@2@XZ 0000000140005dd4     sdl_handmade.obj
 0002:00000dd4       $unwind$?_Mysize@?$_String_alloc@U?$_String_base_types@DV?$allocator@D@std@@@std@@@std@@QEBAAEB_KXZ 0000000140005dd4     sdl_handmade.obj
 0002:00000dd4       $unwind$?_Get_data@?$_String_alloc@U?$_String_base_types@DV?$allocator@D@std@@@std@@@std@@QEAAAEAV?$_String_val@U?$_Simple_types@D@std@@@2@XZ 0000000140005dd4     sdl_handmade.obj
 0002:00000dd4       $unwind$?_Myres@?$_String_alloc@U?$_String_base_types@DV?$allocator@D@std@@@std@@@std@@QEAAAEA_KXZ 0000000140005dd4     sdl_handmade.obj
 0002:00000dd4       $unwind$?_Xran@?$basic_string@DU?$char_traits@D@std@@V?$allocator@D@2@@std@@QEBAXXZ 0000000140005dd4     sdl_handmade.obj
 0002:00000dd4       $unwind$?_Bx@?$_String_alloc@U?$_String_base_types@DV?$allocator@D@std@@@std@@@std@@QEAAAEAT_Bxty@?$_String_val@U?$_Simple_types@D@std@@@2@XZ 0000000140005dd4     sdl_handmade.obj
 0002:00000dd4       $unwind$?_Get_data@?$_String_alloc@U?$_String_base_types@DV?$allocator@D@std@@@std@@@std@@QEBAAEBV?$_String_val@U?$_Simple_types@D@std@@@2@XZ 0000000140005dd4     sdl_handmade.obj
 0002:00000dd4       $unwind$??1?$_Compressed_pair@U?$_Wrap_alloc@V?$allocator@D@std@@@std@@V?$_String_val@U?$_Simple_types@D@std@@@2@$00@std@@QEAA@XZ 0000000140005dd4     sdl_handmade.obj
 0002:00000dd4       $unwind$??0?$_Wrap_alloc@V?$allocator@D@std@@@std@@QEAA@XZ 0000000140005dd4     sdl_handmade.obj
 0002:00000dd4       $unwind$?_Mysize@?$_String_alloc@U?$_String_base_types@DV?$allocator@D@std@@@std@@@std@@QEAAAEA_KXZ 0000000140005dd4     sdl_handmade.obj
 0002:00000ddc       $unwind$??0?$basic_string@DU?$char_traits@D@std@@V?$allocator@D@2@@std@@QEAA@PEBD@Z 0000000140005ddc     sdl_handmade.obj
 0002:00000dec       $stateUnwindMap$??0?$basic_string@DU?$char_traits@D@std@@V?$allocator@D@2@@std@@QEAA@PEBD@Z 0000000140005dec     sdl_handmade.obj
 0002:00000df8       $ip2state$??0?$basic_string@DU?$char_traits@D@std@@V?$allocator@D@2@@std@@QEAA@PEBD@Z 0000000140005df8     sdl_handmade.obj
 0002:00000e10       $unwind$?filt$0@?0??__scrt_common_main_seh@@YAHXZ@4HA 0000000140005e10     MSVCRT:exe_main.obj
 0002:00000e10       $unwind$?dtor$0@?0???0?$basic_string@DU?$char_traits@D@std@@V?$allocator@D@2@@std@@QEAA@PEBD@Z@4HA 0000000140005e10     sdl_handmade.obj
 0002:00000e18       $unwind$??1?$basic_string@DU?$char_traits@D@std@@V?$allocator@D@2@@std@@QEAA@XZ 0000000140005e18     sdl_handmade.obj
 0002:00000e28       $ip2state$??1?$basic_string@DU?$char_traits@D@std@@V?$allocator@D@2@@std@@QEAA@XZ 0000000140005e28     sdl_handmade.obj
 0002:00000e30       $unwind$?_Grow@?$basic_string@DU?$char_traits@D@std@@V?$allocator@D@2@@std@@QEAA_N_K_N@Z 0000000140005e30     sdl_handmade.obj
 0002:00000e30       $unwind$??$construct@PEADAEAPEAD@?$allocator@D@std@@QEAAXPEAPEADAEAPEAD@Z 0000000140005e30     sdl_handmade.obj
 0002:00000e30       $unwind$?move@?$char_traits@D@std@@SAPEADPEADPEBD_K@Z 0000000140005e30     sdl_handmade.obj
 0002:00000e30       $unwind$?_Clamp_suffix_size@?$basic_string@DU?$char_traits@D@std@@V?$allocator@D@2@@std@@QEBA_K_K0@Z 0000000140005e30     sdl_handmade.obj
 0002:00000e30       $unwind$?erase@?$basic_string@DU?$char_traits@D@std@@V?$allocator@D@2@@std@@QEAAAEAV12@_K0@Z 0000000140005e30     sdl_handmade.obj
 0002:00000e38       $unwind$?c_str@?$basic_string@DU?$char_traits@D@std@@V?$allocator@D@2@@std@@QEBAPEBDXZ 0000000140005e38     sdl_handmade.obj
 0002:00000e48       $ip2state$?c_str@?$basic_string@DU?$char_traits@D@std@@V?$allocator@D@2@@std@@QEBAPEBDXZ 0000000140005e48     sdl_handmade.obj
 0002:00000e50       $unwind$?max_size@?$basic_string@DU?$char_traits@D@std@@V?$allocator@D@2@@std@@QEBA_KXZ 0000000140005e50     sdl_handmade.obj
 0002:00000e58       $unwind$?_Copy@?$basic_string@DU?$char_traits@D@std@@V?$allocator@D@2@@std@@QEAAX_K0@Z 0000000140005e58     sdl_handmade.obj
 0002:00000e68       $stateUnwindMap$?_Copy@?$basic_string@DU?$char_traits@D@std@@V?$allocator@D@2@@std@@QEAAX_K0@Z 0000000140005e68     sdl_handmade.obj
 0002:00000e88       $tryMap$?_Copy@?$basic_string@DU?$char_traits@D@std@@V?$allocator@D@2@@std@@QEAAX_K0@Z 0000000140005e88     sdl_handmade.obj
 0002:00000eb0       $handlerMap$0$?_Copy@?$basic_string@DU?$char_traits@D@std@@V?$allocator@D@2@@std@@QEAAX_K0@Z 0000000140005eb0     sdl_handmade.obj
 0002:00000ec4       $handlerMap$1$?_Copy@?$basic_string@DU?$char_traits@D@std@@V?$allocator@D@2@@std@@QEAAX_K0@Z 0000000140005ec4     sdl_handmade.obj
 0002:00000ee0       $ip2state$?_Copy@?$basic_string@DU?$char_traits@D@std@@V?$allocator@D@2@@std@@QEAAX_K0@Z 0000000140005ee0     sdl_handmade.obj
 0002:00000f30       $unwind$?catch$0@?0??_Copy@?$basic_string@DU?$char_traits@D@std@@V?$allocator@D@2@@std@@QEAAX_K0@Z@4HA 0000000140005f30     sdl_handmade.obj
 0002:00000f30       $unwind$?catch$1@?0??_Copy@?$basic_string@DU?$char_traits@D@std@@V?$allocator@D@2@@std@@QEAAX_K0@Z@4HA 0000000140005f30     sdl_handmade.obj
 0002:00000f40       $unwind$?_Inside@?$basic_string@DU?$char_traits@D@std@@V?$allocator@D@2@@std@@QEAA_NPEBD@Z 0000000140005f40     sdl_handmade.obj
 0002:00000f40       $unwind$?_Eos@?$basic_string@DU?$char_traits@D@std@@V?$allocator@D@2@@std@@QEAAX_K@Z 0000000140005f40     sdl_handmade.obj
 0002:00000f48       $unwind$?_Tidy@?$basic_string@DU?$char_traits@D@std@@V?$allocator@D@2@@std@@QEAAX_N_K@Z 0000000140005f48     sdl_handmade.obj
 0002:00000f50       $unwind$SDL_main           0000000140005f50     sdl_handmade.obj
 0002:00000f64       $unwind$GameUpdateAndRender 0000000140005f64     sdl_handmade.obj
 0002:00000f6c       $unwind$?Win32LoadGameCode@@YA?AUwin32_game_code@@V?$basic_string@DU?$char_traits@D@std@@V?$allocator@D@2@@std@@0@Z 0000000140005f6c     sdl_handmade.obj
 0002:00000f80       $stateUnwindMap$?Win32LoadGameCode@@YA?AUwin32_game_code@@V?$basic_string@DU?$char_traits@D@std@@V?$allocator@D@2@@std@@0@Z 0000000140005f80     sdl_handmade.obj
 0002:00000f90       $ip2state$?Win32LoadGameCode@@YA?AUwin32_game_code@@V?$basic_string@DU?$char_traits@D@std@@V?$allocator@D@2@@std@@0@Z 0000000140005f90     sdl_handmade.obj
 0002:00000fb0       $unwind$?dtor$0@?0??Win32LoadGameCode@@YA?AUwin32_game_code@@V?$basic_string@DU?$char_traits@D@std@@V?$allocator@D@2@@std@@0@Z@4HA 0000000140005fb0     sdl_handmade.obj
 0002:00000fb8       $unwind$?dtor$1@?0??Win32LoadGameCode@@YA?AUwin32_game_code@@V?$basic_string@DU?$char_traits@D@std@@V?$allocator@D@2@@std@@0@Z@4HA 0000000140005fb8     sdl_handmade.obj
 0002:00000fc0       $unwind$?Win32UnloadGameCode@@YAXPEAUwin32_game_code@@@Z 0000000140005fc0     sdl_handmade.obj
 0002:00000fc8       $unwind$?SDLCustom_OpenAudioContext@@YA_NUSDL_AudioSpec@@0I@Z 0000000140005fc8     sdl_handmade.obj
 0002:00000fd0       $unwind$?SDLCustom_GetMonitorRefreshRate@@YAHPEAUSDL_Window@@@Z 0000000140005fd0     sdl_handmade.obj
 0002:00000fd8       $unwind$?Win32GetLastWriteTime@@YA?AU_FILETIME@@V?$basic_string@DU?$char_traits@D@std@@V?$allocator@D@2@@std@@@Z 0000000140005fd8     sdl_handmade.obj
 0002:00000fe8       $unwind$?deallocate@?$_Wrap_alloc@V?$allocator@D@std@@@std@@QEAAXPEAD_K@Z 0000000140005fe8     sdl_handmade.obj
 0002:00000fe8       $unwind$??$construct@PEADAEAPEAD@?$_Wrap_alloc@V?$allocator@D@std@@@std@@QEAAXPEAPEADAEAPEAD@Z 0000000140005fe8     sdl_handmade.obj
 0002:00000fe8       $unwind$?assign@?$basic_string@DU?$char_traits@D@std@@V?$allocator@D@2@@std@@QEAAAEAV12@PEBD_K@Z 0000000140005fe8     sdl_handmade.obj
 0002:00000fe8       $unwind$?deallocate@?$allocator@D@std@@QEAAXPEAD_K@Z 0000000140005fe8     sdl_handmade.obj
 0002:00000fe8       $unwind$??$construct@PEADAEAPEAD@?$allocator_traits@V?$allocator@D@std@@@std@@SAXAEAV?$allocator@D@1@PEAPEADAEAPEAD@Z 0000000140005fe8     sdl_handmade.obj
 0002:00000ff0       $unwind$__GSHandlerCheckCommon 0000000140005ff0     MSVCRT:_gshandler_.obj
 0002:00000ff8       $xdatasym                  0000000140005ff8     MSVCRT:_amdsecgs_.obj
 0002:00000ffc       $unwind$__scrt_unhandled_exception_filter 0000000140005ffc     MSVCRT:utility_desktop.obj
 0002:00000ffc       $unwind$?pre_cpp_initialization@@YAXXZ 0000000140005ffc     MSVCRT:exe_main.obj
 0002:00000ffc       $unwind$?post_pgo_initialization@@YAHXZ 0000000140005ffc     MSVCRT:exe_main.obj
 0002:00000ffc       $unwind$__scrt_acquire_startup_lock 0000000140005ffc     MSVCRT:utility.obj
 0002:00000ffc       $unwind$mainCRTStartup     0000000140005ffc     MSVCRT:exe_main.obj
 0002:00000ffc       $unwind$__scrt_is_managed_app 0000000140005ffc     MSVCRT:utility_desktop.obj
 0002:00000ffc       $unwind$__scrt_initialize_default_local_stdio_options 0000000140005ffc     MSVCRT:default_local_stdio_options.obj
 0002:00000ffc       $unwind$atexit             0000000140005ffc     MSVCRT:utility.obj
 0002:00000ffc       $unwind$__GSHandlerCheck   0000000140005ffc     MSVCRT:_gshandler_.obj
 0002:00001004       $unwind$?__scrt_common_main_seh@@YAHXZ 0000000140006004     MSVCRT:exe_main.obj
 0002:0000102c       $unwind$??_Gbad_array_new_length@std@@UEAAPEAXI@Z 000000014000602c     MSVCRT:throw_bad_alloc.obj
 0002:0000102c       $unwind$??_Gbad_alloc@std@@UEAAPEAXI@Z 000000014000602c     MSVCRT:throw_bad_alloc.obj
 0002:0000102c       $unwind$??_Gexception@std@@UEAAPEAXI@Z 000000014000602c     MSVCRT:throw_bad_alloc.obj
 0002:00001038       $unwind$?__scrt_throw_std_bad_array_new_length@@YAXXZ 0000000140006038     MSVCRT:throw_bad_alloc.obj
 0002:00001038       $unwind$?__scrt_throw_std_bad_alloc@@YAXXZ 0000000140006038     MSVCRT:throw_bad_alloc.obj
 0002:00001040       $unwind$capture_previous_context 0000000140006040     MSVCRT:gs_report.obj
 0002:0000104c       $unwind$__scrt_initialize_crt 000000014000604c     MSVCRT:utility.obj
 0002:0000104c       $unwind$__scrt_uninitialize_crt 000000014000604c     MSVCRT:utility.obj
 0002:0000104c       $unwind$??0bad_array_new_length@std@@QEAA@AEBV01@@Z 000000014000604c     MSVCRT:throw_bad_alloc.obj
 0002:0000104c       $unwind$__scrt_release_startup_lock 000000014000604c     MSVCRT:utility.obj
 0002:0000104c       $unwind$??0bad_alloc@std@@QEAA@AEBV01@@Z 000000014000604c     MSVCRT:throw_bad_alloc.obj
 0002:0000104c       $unwind$?pre_c_initialization@@YAHXZ 000000014000604c     MSVCRT:exe_main.obj
 0002:0000104c       $unwind$_onexit            000000014000604c     MSVCRT:utility.obj
 0002:0000104c       $unwind$??_Gtype_info@@UEAAPEAXI@Z 000000014000604c     MSVCRT:std_type_info_static.obj
 0002:0000104c       $unwind$??0exception@std@@QEAA@AEBV01@@Z 000000014000604c     MSVCRT:throw_bad_alloc.obj
 0002:0000104c       $unwind$??2@YAPEAX_K@Z     000000014000604c     MSVCRT:new_scalar.obj
 0002:0000104c       $unwind$__raise_securityfailure 000000014000604c     MSVCRT:gs_report.obj
 0002:00001054       $unwind$__scrt_is_nonwritable_in_current_image 0000000140006054     MSVCRT:utility.obj
 0002:00001074       $unwind$__scrt_is_nonwritable_in_current_image$filt$0 0000000140006074     MSVCRT:utility.obj
 0002:0000107c       $unwind$__scrt_initialize_onexit_tables 000000014000607c     MSVCRT:utility.obj
 0002:00001088       $unwind$__security_init_cookie 0000000140006088     MSVCRT:gs_support.obj
 0002:00001094       $unwind$__scrt_fastfail    0000000140006094     MSVCRT:utility_desktop.obj
 0002:000010a4       $unwind$_RTC_Initialize    00000001400060a4     MSVCRT:_initsect_.obj
 0002:000010a4       $unwind$_RTC_Terminate     00000001400060a4     MSVCRT:_initsect_.obj
 0002:000010b4       $unwind$__isa_available_init 00000001400060b4     MSVCRT:_cpu_disp_.obj
 0002:000010c8       $xdatasym                  00000001400060c8     MSVCRT:_guard_dispatch_.obj
 0002:000010cc       $unwind$main               00000001400060cc     SDL2main:SDL_windows_main.obj
 0002:000010d4       $unwind$main_getcmdline    00000001400060d4     SDL2main:SDL_windows_main.obj
 0002:000010dc       $unwind$ParseCommandLine   00000001400060dc     SDL2main:SDL_windows_main.obj
 0002:000010e4       $unwind$UnEscapeQuotes     00000001400060e4     SDL2main:SDL_windows_main.obj
 0002:000010ec       $unwind$OutOfMemory        00000001400060ec     SDL2main:SDL_windows_main.obj
 0002:000010f4       $unwind$main_utf8          00000001400060f4     SDL2main:SDL_windows_main.obj
 0002:000010fc       $unwind$wmain              00000001400060fc     SDL2main:SDL_windows_main.obj
 0002:00001104       $unwind$WinMain            0000000140006104     SDL2main:SDL_windows_main.obj
 0002:000017ea       .idata$6                   00000001400067ea     SDL2:SDL2.dll
 0002:0000182c       .idata$6                   000000014000682c     opengl32:OPENGL32.dll
 0002:00001898       .idata$6                   0000000140006898     msvcprt:MSVCP140.dll
 0002:00001a4a       .idata$6                   0000000140006a4a     kernel32:KERNEL32.dll
 0002:00001ae2       .idata$6                   0000000140006ae2     vcruntime:VCRUNTIME140.dll
 0002:00001d16       .idata$6                   0000000140006d16     ucrt:api-ms-win-crt-runtime-l1-1-0.dll
 0002:00001d38       .idata$6                   0000000140006d38     ucrt:api-ms-win-crt-stdio-l1-1-0.dll
 0002:00001d58       .idata$6                   0000000140006d58     ucrt:api-ms-win-crt-heap-l1-1-0.dll
 0002:00001d78       .idata$6                   0000000140006d78     ucrt:api-ms-win-crt-math-l1-1-0.dll
 0002:00001d98       .idata$6                   0000000140006d98     ucrt:api-ms-win-crt-locale-l1-1-0.dll
 0003:000000f0       GS_ExceptionRecord         00000001400070f0     MSVCRT:gs_report.obj
 0003:00000190       GS_ContextRecord           0000000140007190     MSVCRT:gs_report.obj
 0003:00000670       ?module_local_atexit_table@@3U_onexit_table_t@@A 0000000140007670     MSVCRT:utility.obj
 0003:00000688       ?module_local_at_quick_exit_table@@3U_onexit_table_t@@A 0000000140007688     MSVCRT:utility.obj
 0003:000006a0       ?is_initialized_as_dll@@3_NA 00000001400076a0     MSVCRT:utility.obj
 0004:00000000       $pdata$main                0000000140008000     SDL2main:SDL_windows_main.obj
 0004:0000000c       $pdata$main_getcmdline     000000014000800c     SDL2main:SDL_windows_main.obj
 0004:00000018       $pdata$ParseCommandLine    0000000140008018     SDL2main:SDL_windows_main.obj
 0004:00000024       $pdata$UnEscapeQuotes      0000000140008024     SDL2main:SDL_windows_main.obj
 0004:00000030       $pdata$OutOfMemory         0000000140008030     SDL2main:SDL_windows_main.obj
 0004:0000003c       $pdata$main_utf8           000000014000803c     SDL2main:SDL_windows_main.obj
 0004:00000048       $pdata$wmain               0000000140008048     SDL2main:SDL_windows_main.obj
 0004:00000054       $pdata$WinMain             0000000140008054     SDL2main:SDL_windows_main.obj
 0004:00000060       $pdata$SDL_main            0000000140008060     sdl_handmade.obj
 0004:0000006c       $pdata$GameUpdateAndRender 000000014000806c     sdl_handmade.obj
 0004:00000078       $pdata$?Win32LoadGameCode@@YA?AUwin32_game_code@@V?$basic_string@DU?$char_traits@D@std@@V?$allocator@D@2@@std@@0@Z 0000000140008078     sdl_handmade.obj
 0004:00000084       $pdata$?Win32UnloadGameCode@@YAXPEAUwin32_game_code@@@Z 0000000140008084     sdl_handmade.obj
 0004:00000090       $pdata$?SDLCustom_OpenAudioContext@@YA_NUSDL_AudioSpec@@0I@Z 0000000140008090     sdl_handmade.obj
 0004:0000009c       $pdata$?SDLCustom_GetMonitorRefreshRate@@YAHPEAUSDL_Window@@@Z 000000014000809c     sdl_handmade.obj
 0004:000000a8       $pdata$??$?0$$V@?$_Compressed_pair@U?$_Wrap_alloc@V?$allocator@D@std@@@std@@V?$_String_val@U?$_Simple_types@D@std@@@2@$00@std@@QEAA@U_Zero_then_variadic_args_t@1@@Z 00000001400080a8     sdl_handmade.obj
 0004:000000b4       $pdata$??$construct@PEADAEAPEAD@?$_Wrap_alloc@V?$allocator@D@std@@@std@@QEAAXPEAPEADAEAPEAD@Z 00000001400080b4     sdl_handmade.obj
 0004:000000c0       $pdata$??$construct@PEADAEAPEAD@?$allocator@D@std@@QEAAXPEAPEADAEAPEAD@Z 00000001400080c0     sdl_handmade.obj
 0004:000000cc       $pdata$??$construct@PEADAEAPEAD@?$allocator_traits@V?$allocator@D@std@@@std@@SAXAEAV?$allocator@D@1@PEAPEADAEAPEAD@Z 00000001400080cc     sdl_handmade.obj
 0004:000000d8       $pdata$??$destroy@PEAD@?$_Wrap_alloc@V?$allocator@D@std@@@std@@QEAAXPEAPEAD@Z 00000001400080d8     sdl_handmade.obj
 0004:000000e4       $pdata$??$destroy@PEAD@?$allocator_traits@V?$allocator@D@std@@@std@@SAXAEAV?$allocator@D@1@PEAPEAD@Z 00000001400080e4     sdl_handmade.obj
 0004:000000f0       $pdata$??0?$_String_alloc@U?$_String_base_types@DV?$allocator@D@std@@@std@@@std@@QEAA@XZ 00000001400080f0     sdl_handmade.obj
 0004:000000fc       $pdata$??0?$_String_val@U?$_Simple_types@D@std@@@std@@QEAA@XZ 00000001400080fc     sdl_handmade.obj
 0004:00000108       $pdata$??0?$_Wrap_alloc@V?$allocator@D@std@@@std@@QEAA@XZ 0000000140008108     sdl_handmade.obj
 0004:00000114       $pdata$??0?$basic_string@DU?$char_traits@D@std@@V?$allocator@D@2@@std@@QEAA@PEBD@Z 0000000140008114     sdl_handmade.obj
 0004:00000120       $pdata$??1?$_Compressed_pair@U?$_Wrap_alloc@V?$allocator@D@std@@@std@@V?$_String_val@U?$_Simple_types@D@std@@@2@$00@std@@QEAA@XZ 0000000140008120     sdl_handmade.obj
 0004:0000012c       $pdata$??1?$_String_alloc@U?$_String_base_types@DV?$allocator@D@std@@@std@@@std@@QEAA@XZ 000000014000812c     sdl_handmade.obj
 0004:00000138       $pdata$??1?$_String_val@U?$_Simple_types@D@std@@@std@@QEAA@XZ 0000000140008138     sdl_handmade.obj
 0004:00000144       $pdata$??1?$basic_string@DU?$char_traits@D@std@@V?$allocator@D@2@@std@@QEAA@XZ 0000000140008144     sdl_handmade.obj
 0004:00000150       $pdata$?Win32GetLastWriteTime@@YA?AU_FILETIME@@V?$basic_string@DU?$char_traits@D@std@@V?$allocator@D@2@@std@@@Z 0000000140008150     sdl_handmade.obj
 0004:0000015c       $pdata$?_Allocate@std@@YAPEAX_K0_N@Z 000000014000815c     sdl_handmade.obj
 0004:00000168       $pdata$?_Bx@?$_String_alloc@U?$_String_base_types@DV?$allocator@D@std@@@std@@@std@@QEAAAEAT_Bxty@?$_String_val@U?$_Simple_types@D@std@@@2@XZ 0000000140008168     sdl_handmade.obj
 0004:00000174       $pdata$?_Check_offset@?$basic_string@DU?$char_traits@D@std@@V?$allocator@D@2@@std@@QEBAX_K@Z 0000000140008174     sdl_handmade.obj
 0004:00000180       $pdata$?_Clamp_suffix_size@?$basic_string@DU?$char_traits@D@std@@V?$allocator@D@2@@std@@QEBA_K_K0@Z 0000000140008180     sdl_handmade.obj
 0004:0000018c       $pdata$?_Copy@?$basic_string@DU?$char_traits@D@std@@V?$allocator@D@2@@std@@QEAAX_K0@Z 000000014000818c     sdl_handmade.obj
 0004:00000198       $pdata$?_Deallocate@std@@YAXPEAX_K1@Z 0000000140008198     sdl_handmade.obj
 0004:000001a4       $pdata$?_Eos@?$basic_string@DU?$char_traits@D@std@@V?$allocator@D@2@@std@@QEAAX_K@Z 00000001400081a4     sdl_handmade.obj
 0004:000001b0       $pdata$?_Get_data@?$_String_alloc@U?$_String_base_types@DV?$allocator@D@std@@@std@@@std@@QEAAAEAV?$_String_val@U?$_Simple_types@D@std@@@2@XZ 00000001400081b0     sdl_handmade.obj
 0004:000001b0       $pdata$?_Getal@?$_String_alloc@U?$_String_base_types@DV?$allocator@D@std@@@std@@@std@@QEAAAEAU?$_Wrap_alloc@V?$allocator@D@std@@@2@XZ 00000001400081b0     sdl_handmade.obj
 0004:000001b0       $pdata$?_Get_data@?$_String_alloc@U?$_String_base_types@DV?$allocator@D@std@@@std@@@std@@QEBAAEBV?$_String_val@U?$_Simple_types@D@std@@@2@XZ 00000001400081b0     sdl_handmade.obj
 0004:000001b0       $pdata$?_Getal@?$_String_alloc@U?$_String_base_types@DV?$allocator@D@std@@@std@@@std@@QEBAAEBU?$_Wrap_alloc@V?$allocator@D@std@@@2@XZ 00000001400081b0     sdl_handmade.obj
 0004:000001bc       $pdata$?_Grow@?$basic_string@DU?$char_traits@D@std@@V?$allocator@D@2@@std@@QEAA_N_K_N@Z 00000001400081bc     sdl_handmade.obj
 0004:000001c8       $pdata$?_Inside@?$basic_string@DU?$char_traits@D@std@@V?$allocator@D@2@@std@@QEAA_NPEBD@Z 00000001400081c8     sdl_handmade.obj
 0004:000001d4       $pdata$?_Myptr@?$_String_alloc@U?$_String_base_types@DV?$allocator@D@std@@@std@@@std@@QEBAPEBDXZ 00000001400081d4     sdl_handmade.obj
 0004:000001d4       $pdata$?_Myptr@?$_String_alloc@U?$_String_base_types@DV?$allocator@D@std@@@std@@@std@@QEAAPEADXZ 00000001400081d4     sdl_handmade.obj
 0004:000001e0       $pdata$?_Myptr@?$_String_val@U?$_Simple_types@D@std@@@std@@QEBAPEBDXZ 00000001400081e0     sdl_handmade.obj
 0004:000001e0       $pdata$?_Myptr@?$_String_val@U?$_Simple_types@D@std@@@std@@QEAAPEADXZ 00000001400081e0     sdl_handmade.obj
 0004:000001ec       $pdata$?_Myres@?$_String_alloc@U?$_String_base_types@DV?$allocator@D@std@@@std@@@std@@QEAAAEA_KXZ 00000001400081ec     sdl_handmade.obj
 0004:000001f8       $pdata$?_Mysize@?$_String_alloc@U?$_String_base_types@DV?$allocator@D@std@@@std@@@std@@QEAAAEA_KXZ 00000001400081f8     sdl_handmade.obj
 0004:000001f8       $pdata$?_Mysize@?$_String_alloc@U?$_String_base_types@DV?$allocator@D@std@@@std@@@std@@QEBAAEB_KXZ 00000001400081f8     sdl_handmade.obj
 0004:00000204       $pdata$?_Tidy@?$basic_string@DU?$char_traits@D@std@@V?$allocator@D@2@@std@@QEAAX_N_K@Z 0000000140008204     sdl_handmade.obj
 0004:00000210       $pdata$?_Xlen@?$basic_string@DU?$char_traits@D@std@@V?$allocator@D@2@@std@@QEBAXXZ 0000000140008210     sdl_handmade.obj
 0004:0000021c       $pdata$?_Xran@?$basic_string@DU?$char_traits@D@std@@V?$allocator@D@2@@std@@QEBAXXZ 000000014000821c     sdl_handmade.obj
 0004:00000228       $pdata$?allocate@?$_Wrap_alloc@V?$allocator@D@std@@@std@@QEAAPEAD_K@Z 0000000140008228     sdl_handmade.obj
 0004:00000234       $pdata$?allocate@?$allocator@D@std@@QEAAPEAD_K@Z 0000000140008234     sdl_handmade.obj
 0004:00000240       $pdata$?assign@?$basic_string@DU?$char_traits@D@std@@V?$allocator@D@2@@std@@QEAAAEAV12@AEBV12@_K1@Z 0000000140008240     sdl_handmade.obj
 0004:0000024c       $pdata$?assign@?$basic_string@DU?$char_traits@D@std@@V?$allocator@D@2@@std@@QEAAAEAV12@PEBD@Z 000000014000824c     sdl_handmade.obj
 0004:00000258       $pdata$?assign@?$basic_string@DU?$char_traits@D@std@@V?$allocator@D@2@@std@@QEAAAEAV12@PEBD_K@Z 0000000140008258     sdl_handmade.obj
 0004:00000264       $pdata$?c_str@?$basic_string@DU?$char_traits@D@std@@V?$allocator@D@2@@std@@QEBAPEBDXZ 0000000140008264     sdl_handmade.obj
 0004:00000270       $pdata$?copy@?$char_traits@D@std@@SAPEADPEADPEBD_K@Z 0000000140008270     sdl_handmade.obj
 0004:0000027c       $pdata$?deallocate@?$_Wrap_alloc@V?$allocator@D@std@@@std@@QEAAXPEAD_K@Z 000000014000827c     sdl_handmade.obj
 0004:00000288       $pdata$?deallocate@?$allocator@D@std@@QEAAXPEAD_K@Z 0000000140008288     sdl_handmade.obj
 0004:00000294       $pdata$?erase@?$basic_string@DU?$char_traits@D@std@@V?$allocator@D@2@@std@@QEAAAEAV12@_K0@Z 0000000140008294     sdl_handmade.obj
 0004:000002a0       $pdata$?erase@?$basic_string@DU?$char_traits@D@std@@V?$allocator@D@2@@std@@QEAAAEAV12@_K@Z 00000001400082a0     sdl_handmade.obj
 0004:000002ac       $pdata$?length@?$char_traits@D@std@@SA_KPEBD@Z 00000001400082ac     sdl_handmade.obj
 0004:000002b8       $pdata$?max_size@?$_Wrap_alloc@V?$allocator@D@std@@@std@@QEBA_KU_Nil@2@@Z 00000001400082b8     sdl_handmade.obj
 0004:000002c4       $pdata$?max_size@?$allocator_traits@V?$allocator@D@std@@@std@@SA_KAEBV?$allocator@D@2@@Z 00000001400082c4     sdl_handmade.obj
 0004:000002d0       $pdata$?max_size@?$basic_string@DU?$char_traits@D@std@@V?$allocator@D@2@@std@@QEBA_KXZ 00000001400082d0     sdl_handmade.obj
 0004:000002dc       $pdata$?move@?$char_traits@D@std@@SAPEADPEADPEBD_K@Z 00000001400082dc     sdl_handmade.obj
 0004:000002e8       $pdata$_vfprintf_l         00000001400082e8     sdl_handmade.obj
 0004:000002f4       $pdata$printf              00000001400082f4     sdl_handmade.obj
 0004:00000300       $pdata$??2@YAPEAX_K@Z      0000000140008300     MSVCRT:new_scalar.obj
 0004:0000030c       $pdata$__GSHandlerCheck    000000014000830c     MSVCRT:_gshandler_.obj
 0004:00000318       $pdata$__GSHandlerCheckCommon 0000000140008318     MSVCRT:_gshandler_.obj
 0004:00000330       $pdata$?pre_c_initialization@@YAHXZ 0000000140008330     MSVCRT:exe_main.obj
 0004:0000033c       $pdata$?post_pgo_initialization@@YAHXZ 000000014000833c     MSVCRT:exe_main.obj
 0004:00000348       $pdata$?pre_cpp_initialization@@YAXXZ 0000000140008348     MSVCRT:exe_main.obj
 0004:00000354       $pdata$?__scrt_common_main_seh@@YAHXZ 0000000140008354     MSVCRT:exe_main.obj
 0004:00000360       $pdata$mainCRTStartup      0000000140008360     MSVCRT:exe_main.obj
 0004:0000036c       $pdata$??0bad_alloc@std@@QEAA@AEBV01@@Z 000000014000836c     MSVCRT:throw_bad_alloc.obj
 0004:00000378       $pdata$??0bad_array_new_length@std@@QEAA@AEBV01@@Z 0000000140008378     MSVCRT:throw_bad_alloc.obj
 0004:00000384       $pdata$??0exception@std@@QEAA@AEBV01@@Z 0000000140008384     MSVCRT:throw_bad_alloc.obj
 0004:00000390       $pdata$??_Gbad_alloc@std@@UEAAPEAXI@Z 0000000140008390     MSVCRT:throw_bad_alloc.obj
 0004:00000390       $pdata$??_Gbad_array_new_length@std@@UEAAPEAXI@Z 0000000140008390     MSVCRT:throw_bad_alloc.obj
 0004:00000390       $pdata$??_Gexception@std@@UEAAPEAXI@Z 0000000140008390     MSVCRT:throw_bad_alloc.obj
 0004:0000039c       $pdata$?__scrt_throw_std_bad_alloc@@YAXXZ 000000014000839c     MSVCRT:throw_bad_alloc.obj
 0004:000003a8       $pdata$?__scrt_throw_std_bad_array_new_length@@YAXXZ 00000001400083a8     MSVCRT:throw_bad_alloc.obj
 0004:000003b4       $pdata$__raise_securityfailure 00000001400083b4     MSVCRT:gs_report.obj
 0004:000003c0       $pdata$__report_gsfailure  00000001400083c0     MSVCRT:gs_report.obj
 0004:000003cc       $pdata$capture_previous_context 00000001400083cc     MSVCRT:gs_report.obj
 0004:000003d8       $pdata$__scrt_acquire_startup_lock 00000001400083d8     MSVCRT:utility.obj
 0004:000003e4       $pdata$__scrt_initialize_crt 00000001400083e4     MSVCRT:utility.obj
 0004:000003f0       $pdata$__scrt_initialize_onexit_tables 00000001400083f0     MSVCRT:utility.obj
 0004:000003fc       $pdata$__scrt_is_nonwritable_in_current_image 00000001400083fc     MSVCRT:utility.obj
 0004:00000408       $pdata$__scrt_release_startup_lock 0000000140008408     MSVCRT:utility.obj
 0004:00000414       $pdata$__scrt_uninitialize_crt 0000000140008414     MSVCRT:utility.obj
 0004:00000420       $pdata$_onexit             0000000140008420     MSVCRT:utility.obj
 0004:0000042c       $pdata$atexit              000000014000842c     MSVCRT:utility.obj
 0004:00000438       $pdata$__security_init_cookie 0000000140008438     MSVCRT:gs_support.obj
 0004:00000444       $pdata$__scrt_initialize_default_local_stdio_options 0000000140008444     MSVCRT:default_local_stdio_options.obj
 0004:00000450       $pdata$__scrt_fastfail     0000000140008450     MSVCRT:utility_desktop.obj
 0004:0000045c       $pdata$__scrt_is_managed_app 000000014000845c     MSVCRT:utility_desktop.obj
 0004:00000468       $pdata$__scrt_unhandled_exception_filter 0000000140008468     MSVCRT:utility_desktop.obj
 0004:00000474       $pdata$_RTC_Initialize     0000000140008474     MSVCRT:_initsect_.obj
 0004:00000480       $pdata$_RTC_Terminate      0000000140008480     MSVCRT:_initsect_.obj
 0004:0000048c       $pdata$??_Gtype_info@@UEAAPEAXI@Z 000000014000848c     MSVCRT:std_type_info_static.obj
 0004:00000498       $pdata$__isa_available_init 0000000140008498     MSVCRT:_cpu_disp_.obj
 0004:000004b0       $pdata$?dtor$0@?0??Win32LoadGameCode@@YA?AUwin32_game_code@@V?$basic_string@DU?$char_traits@D@std@@V?$allocator@D@2@@std@@0@Z@4HA 00000001400084b0     sdl_handmade.obj
 0004:000004bc       $pdata$?dtor$1@?0??Win32LoadGameCode@@YA?AUwin32_game_code@@V?$basic_string@DU?$char_traits@D@std@@V?$allocator@D@2@@std@@0@Z@4HA 00000001400084bc     sdl_handmade.obj
 0004:000004c8       $pdata$?dtor$0@?0???0?$basic_string@DU?$char_traits@D@std@@V?$allocator@D@2@@std@@QEAA@PEBD@Z@4HA 00000001400084c8     sdl_handmade.obj
 0004:000004d4       $pdata$?catch$1@?0??_Copy@?$basic_string@DU?$char_traits@D@std@@V?$allocator@D@2@@std@@QEAAX_K0@Z@4HA 00000001400084d4     sdl_handmade.obj
 0004:000004e0       $pdata$?catch$0@?0??_Copy@?$basic_string@DU?$char_traits@D@std@@V?$allocator@D@2@@std@@QEAAX_K0@Z@4HA 00000001400084e0     sdl_handmade.obj
 0004:000004ec       $pdata$?filt$0@?0??__scrt_common_main_seh@@YAHXZ@4HA 00000001400084ec     MSVCRT:exe_main.obj
 0004:000004f8       $pdata$__scrt_is_nonwritable_in_current_image$filt$0 00000001400084f8     MSVCRT:utility.obj
 0005:00000000       __guard_fids__             0000000140009000     MSVCRT:exe_main.obj
 0005:00000004       __guard_fids__             0000000140009004     MSVCRT:exe_main.obj
 0005:00000008       __guard_fids__             0000000140009008     MSVCRT:exe_main.obj
 0005:0000000c       __guard_fids_?pre_c_initialization@@YAHXZ 000000014000900c     MSVCRT:exe_main.obj
 0005:00000014       __guard_fids__             0000000140009014     MSVCRT:throw_bad_alloc.obj
 0005:0000001c       __guard_fids__             000000014000901c     MSVCRT:throw_bad_alloc.obj
 0005:00000024       __guard_fids__             0000000140009024     MSVCRT:throw_bad_alloc.obj
 0005:0000002c       __guard_fids___scrt_set_unhandled_exception_filter 000000014000902c     MSVCRT:utility_desktop.obj
 0005:00000030       __guard_fids__             0000000140009030     MSVCRT:std_type_info_static.obj
 0005:00000034       __guard_fids__             0000000140009034     MSVCRT:guard_support.obj
