 sdl_handmade

 Timestamp is 5e921dad (Sat Apr 11 12:42:37 2020)

 Preferred load address is 0000000140000000

 Start         Length     Name                   Class
 0001:00000000 00000502H .text                   CODE
 0001:00000510 00001a1fH .text$mn                CODE
 0001:00001f30 00000012H .text$mn$00             CODE
 0001:00001f42 00000036H .text$x                 CODE
 0002:00000000 000002f0H .idata$5                DATA
 0002:000002f0 00000010H .00cfg                  DATA
 0002:00000300 00000008H .CRT$XCA                DATA
 0002:00000308 00000008H .CRT$XCAA               DATA
 0002:00000310 00000008H .CRT$XCZ                DATA
 0002:00000318 00000008H .CRT$XIA                DATA
 0002:00000320 00000008H .CRT$XIAA               DATA
 0002:00000328 00000008H .CRT$XIAC               DATA
 0002:00000330 00000008H .CRT$XIZ                DATA
 0002:00000338 00000008H .CRT$XPA                DATA
 0002:00000340 00000008H .CRT$XPZ                DATA
 0002:00000348 00000008H .CRT$XTA                DATA
 0002:00000350 00000008H .CRT$XTZ                DATA
 0002:00000358 00000000H .gfids$x                DATA
 0002:00000360 00000364H .rdata                  DATA
 0002:000006c4 000002b4H .rdata$zzzdbg           DATA
 0002:00000978 00000008H .rtc$IAA                DATA
 0002:00000980 00000008H .rtc$IZZ                DATA
 0002:00000988 00000008H .rtc$TAA                DATA
 0002:00000990 00000008H .rtc$TZZ                DATA
 0002:00000998 0000016cH .xdata                  DATA
 0002:00000b04 00000000H .edata                  DATA
 0002:00000b04 000000b4H .idata$2                DATA
 0002:00000bb8 00000014H .idata$3                DATA
 0002:00000bd0 000002f0H .idata$4                DATA
 0002:00000ec0 00000786H .idata$6                DATA
 0003:00000000 00000064H .data                   DATA
 0003:00000070 00000600H .bss                    DATA
 0004:00000000 00000234H .pdata                  DATA

  Address         Publics by Value              Rva+Base               Lib:Object

 0000:00000000       ___safe_se_handler_table   0000000000000000     <absolute>
 0000:00000000       __guard_fids_table         0000000000000000     <absolute>
 0000:00000000       ___safe_se_handler_count   0000000000000000     <absolute>
 0000:00000000       __guard_fids_count         0000000000000000     <absolute>
 0000:00000100       __guard_flags              0000000000000100     <absolute>
 0000:00000000       __ImageBase                0000000140000000     <linker-defined>
 0001:00000000       main                       0000000140001000 f   SDL2main:SDL_windows_main.obj
 0001:00000400       wmain                      0000000140001400 f   SDL2main:SDL_windows_main.obj
 0001:000004e0       WinMain                    00000001400014e0 f   SDL2main:SDL_windows_main.obj
 0001:00000510       SDL_main                   0000000140001510 f   sdl_handmade.obj
 0001:00000b40       ?GameUpdateAndRenderStub@@YAXPEAUgame_memory@@PEAUSDL_Window@@@Z 0000000140001b40 f   sdl_handmade.obj
 0001:00000b60       ?GameGetSoundSamplesStub@@YAXPEAUgame_memory@@@Z 0000000140001b60 f   sdl_handmade.obj
 0001:00000b70       GameUpdateAndRender        0000000140001b70 f   sdl_handmade.obj
 0001:00000ca0       GameGetSoundSamples        0000000140001ca0 f   sdl_handmade.obj
 0001:00000fd0       ??$__vcrt_va_start_verify_argument_type@QEBD@@YAXXZ 0000000140001fd0 f i sdl_handmade.obj
 0001:00000fe0       ?Win32GetLastWriteTime@@YA?AU_FILETIME@@PEBD@Z 0000000140001fe0 f i sdl_handmade.obj
 0001:00001050       __local_stdio_printf_options 0000000140002050 f i sdl_handmade.obj
 0001:00001060       _vfprintf_l                0000000140002060 f i sdl_handmade.obj
 0001:000010b0       printf                     00000001400020b0 f i sdl_handmade.obj
 0001:0000110e       SDL_memset                 000000014000210e f   SDL2:SDL2.dll
 0001:00001114       SDL_GetError               0000000140002114 f   SDL2:SDL2.dll
 0001:0000111a       SDL_OpenAudioDevice        000000014000211a f   SDL2:SDL2.dll
 0001:00001120       SDL_PauseAudioDevice       0000000140002120 f   SDL2:SDL2.dll
 0001:00001126       SDL_GetDesktopDisplayMode  0000000140002126 f   SDL2:SDL2.dll
 0001:0000112c       SDL_GetWindowDisplayIndex  000000014000212c f   SDL2:SDL2.dll
 0001:00001132       SDL_CreateWindow           0000000140002132 f   SDL2:SDL2.dll
 0001:00001138       SDL_SetWindowSize          0000000140002138 f   SDL2:SDL2.dll
 0001:0000113e       SDL_SetWindowFullscreen    000000014000213e f   SDL2:SDL2.dll
 0001:00001144       SDL_GetWindowSurface       0000000140002144 f   SDL2:SDL2.dll
 0001:0000114a       SDL_GL_SetAttribute        000000014000214a f   SDL2:SDL2.dll
 0001:00001150       SDL_GL_CreateContext       0000000140002150 f   SDL2:SDL2.dll
 0001:00001156       SDL_GL_SwapWindow          0000000140002156 f   SDL2:SDL2.dll
 0001:0000115c       SDL_PollEvent              000000014000215c f   SDL2:SDL2.dll
 0001:00001162       SDL_LoadObject             0000000140002162 f   SDL2:SDL2.dll
 0001:00001168       SDL_LoadFunction           0000000140002168 f   SDL2:SDL2.dll
 0001:0000116e       SDL_UnloadObject           000000014000216e f   SDL2:SDL2.dll
 0001:00001174       SDL_Log                    0000000140002174 f   SDL2:SDL2.dll
 0001:0000117a       SDL_ShowSimpleMessageBox   000000014000217a f   SDL2:SDL2.dll
 0001:00001180       SDL_GetPerformanceCounter  0000000140002180 f   SDL2:SDL2.dll
 0001:00001186       SDL_GetPerformanceFrequency 0000000140002186 f   SDL2:SDL2.dll
 0001:0000118c       SDL_Delay                  000000014000218c f   SDL2:SDL2.dll
 0001:00001192       SDL_Init                   0000000140002192 f   SDL2:SDL2.dll
 0001:00001198       __GSHandlerCheck           0000000140002198 f   MSVCRT:_gshandler_.obj
 0001:000011b8       __GSHandlerCheckCommon     00000001400021b8 f   MSVCRT:_gshandler_.obj
 0001:00001230       __security_check_cookie    0000000140002230 f   MSVCRT:_amdsecgs_.obj
 0001:000014bc       mainCRTStartup             00000001400024bc f   MSVCRT:exe_main.obj
 0001:000014d0       __raise_securityfailure    00000001400024d0 f   MSVCRT:gs_report.obj
 0001:00001504       __report_gsfailure         0000000140002504 f   MSVCRT:gs_report.obj
 0001:0000164c       __scrt_acquire_startup_lock 000000014000264c f   MSVCRT:utility.obj
 0001:00001688       __scrt_initialize_crt      0000000140002688 f   MSVCRT:utility.obj
 0001:000016d4       __scrt_initialize_onexit_tables 00000001400026d4 f   MSVCRT:utility.obj
 0001:000017a0       __scrt_is_nonwritable_in_current_image 00000001400027a0 f   MSVCRT:utility.obj
 0001:0000183c       __scrt_release_startup_lock 000000014000283c f   MSVCRT:utility.obj
 0001:00001860       __scrt_uninitialize_crt    0000000140002860 f   MSVCRT:utility.obj
 0001:0000188c       _onexit                    000000014000288c f   MSVCRT:utility.obj
 0001:000018dc       atexit                     00000001400028dc f   MSVCRT:utility.obj
 0001:000018f4       __security_init_cookie     00000001400028f4 f   MSVCRT:gs_support.obj
 0001:000019a0       _get_startup_argv_mode     00000001400029a0 f   MSVCRT:argv_mode.obj
 0001:000019a8       _get_startup_file_mode     00000001400029a8 f   MSVCRT:file_mode.obj
 0001:000019b0       ?__scrt_initialize_type_info@@YAXXZ 00000001400029b0 f   MSVCRT:tncleanup.obj
 0001:000019c0       _guard_check_icall_nop     00000001400029c0 f   MSVCRT:guard_support.obj
 0001:000019c0       _initialize_invalid_parameter_handler 00000001400029c0 f   MSVCRT:invalid_parameter_handler.obj
 0001:000019c0       _initialize_denormal_control 00000001400029c0 f   MSVCRT:denormal_control.obj
 0001:000019c4       __local_stdio_scanf_options 00000001400029c4 f i MSVCRT:default_local_stdio_options.obj
 0001:000019cc       __scrt_initialize_default_local_stdio_options 00000001400029cc f   MSVCRT:default_local_stdio_options.obj
 0001:000019e8       __scrt_is_user_matherr_present 00000001400029e8 f   MSVCRT:matherr_detection.obj
 0001:000019f4       __scrt_get_dyn_tls_init_callback 00000001400029f4 f   MSVCRT:dyn_tls_init.obj
 0001:000019fc       __scrt_get_dyn_tls_dtor_callback 00000001400029fc f   MSVCRT:dyn_tls_dtor.obj
 0001:00001a04       __scrt_fastfail            0000000140002a04 f   MSVCRT:utility_desktop.obj
 0001:00001b4c       _matherr                   0000000140002b4c f   MSVCRT:matherr.obj
 0001:00001b4c       _get_startup_new_mode      0000000140002b4c f   MSVCRT:new_mode.obj
 0001:00001b4c       _get_startup_commit_mode   0000000140002b4c f   MSVCRT:commit_mode.obj
 0001:00001b4c       __scrt_initialize_winrt    0000000140002b4c f   MSVCRT:utility_desktop.obj
 0001:00001b4c       _get_startup_thread_locale_mode 0000000140002b4c f   MSVCRT:thread_locale.obj
 0001:00001b50       __scrt_is_managed_app      0000000140002b50 f   MSVCRT:utility_desktop.obj
 0001:00001ba4       __scrt_set_unhandled_exception_filter 0000000140002ba4 f   MSVCRT:utility_desktop.obj
 0001:00001bb4       __scrt_unhandled_exception_filter 0000000140002bb4 f   MSVCRT:utility_desktop.obj
 0001:00001bec       _RTC_Initialize            0000000140002bec f   MSVCRT:_initsect_.obj
 0001:00001c38       _RTC_Terminate             0000000140002c38 f   MSVCRT:_initsect_.obj
 0001:00001c84       _guard_check_icall         0000000140002c84 f i MSVCRT:checkcfg.obj
 0001:00001c8c       __isa_available_init       0000000140002c8c f   MSVCRT:_cpu_disp_.obj
 0001:00001e50       __scrt_is_ucrt_dll_in_use  0000000140002e50 f   MSVCRT:ucrt_detection.obj
 0001:00001e60       IsProcessorFeaturePresent  0000000140002e60 f   kernel32:KERNEL32.dll
 0001:00001e66       __telemetry_main_invoke_trigger 0000000140002e66 f   vcruntime:VCRUNTIME140.dll
 0001:00001e6c       __telemetry_main_return_trigger 0000000140002e6c f   vcruntime:VCRUNTIME140.dll
 0001:00001e72       __C_specific_handler       0000000140002e72 f   vcruntime:VCRUNTIME140.dll
 0001:00001e78       memset                     0000000140002e78 f   vcruntime:VCRUNTIME140.dll
 0001:00001e7e       _seh_filter_exe            0000000140002e7e f   ucrt:api-ms-win-crt-runtime-l1-1-0.dll
 0001:00001e84       _set_app_type              0000000140002e84 f   ucrt:api-ms-win-crt-runtime-l1-1-0.dll
 0001:00001e8a       __setusermatherr           0000000140002e8a f   ucrt:api-ms-win-crt-math-l1-1-0.dll
 0001:00001e90       _configure_narrow_argv     0000000140002e90 f   ucrt:api-ms-win-crt-runtime-l1-1-0.dll
 0001:00001e96       _initialize_narrow_environment 0000000140002e96 f   ucrt:api-ms-win-crt-runtime-l1-1-0.dll
 0001:00001e9c       _get_initial_narrow_environment 0000000140002e9c f   ucrt:api-ms-win-crt-runtime-l1-1-0.dll
 0001:00001ea2       _initterm                  0000000140002ea2 f   ucrt:api-ms-win-crt-runtime-l1-1-0.dll
 0001:00001ea8       _initterm_e                0000000140002ea8 f   ucrt:api-ms-win-crt-runtime-l1-1-0.dll
 0001:00001eae       exit                       0000000140002eae f   ucrt:api-ms-win-crt-runtime-l1-1-0.dll
 0001:00001eb4       _exit                      0000000140002eb4 f   ucrt:api-ms-win-crt-runtime-l1-1-0.dll
 0001:00001eba       _set_fmode                 0000000140002eba f   ucrt:api-ms-win-crt-stdio-l1-1-0.dll
 0001:00001ec0       __p___argc                 0000000140002ec0 f   ucrt:api-ms-win-crt-runtime-l1-1-0.dll
 0001:00001ec6       __p___argv                 0000000140002ec6 f   ucrt:api-ms-win-crt-runtime-l1-1-0.dll
 0001:00001ecc       _cexit                     0000000140002ecc f   ucrt:api-ms-win-crt-runtime-l1-1-0.dll
 0001:00001ed2       _c_exit                    0000000140002ed2 f   ucrt:api-ms-win-crt-runtime-l1-1-0.dll
 0001:00001ed8       _register_thread_local_exe_atexit_callback 0000000140002ed8 f   ucrt:api-ms-win-crt-runtime-l1-1-0.dll
 0001:00001ede       _configthreadlocale        0000000140002ede f   ucrt:api-ms-win-crt-locale-l1-1-0.dll
 0001:00001ee4       _set_new_mode              0000000140002ee4 f   ucrt:api-ms-win-crt-heap-l1-1-0.dll
 0001:00001eea       __p__commode               0000000140002eea f   ucrt:api-ms-win-crt-stdio-l1-1-0.dll
 0001:00001ef0       _initialize_onexit_table   0000000140002ef0 f   ucrt:api-ms-win-crt-runtime-l1-1-0.dll
 0001:00001ef6       _register_onexit_function  0000000140002ef6 f   ucrt:api-ms-win-crt-runtime-l1-1-0.dll
 0001:00001efc       _crt_atexit                0000000140002efc f   ucrt:api-ms-win-crt-runtime-l1-1-0.dll
 0001:00001f02       terminate                  0000000140002f02 f   ucrt:api-ms-win-crt-runtime-l1-1-0.dll
 0001:00001f08       SDL_free                   0000000140002f08 f   SDL2:SDL2.dll
 0001:00001f0e       SDL_malloc                 0000000140002f0e f   SDL2:SDL2.dll
 0001:00001f14       SDL_iconv_string           0000000140002f14 f   SDL2:SDL2.dll
 0001:00001f1a       SDL_wcslen                 0000000140002f1a f   SDL2:SDL2.dll
 0001:00001f20       SDL_isspace                0000000140002f20 f   SDL2:SDL2.dll
 0001:00001f26       SDL_SetMainReady           0000000140002f26 f   SDL2:SDL2.dll
 0001:00001f2c       __acrt_uninitialize        0000000140002f2c f   MSVCRT:ucrt_stubs.obj
 0001:00001f2c       __scrt_stub_for_acrt_initialize 0000000140002f2c f   MSVCRT:ucrt_stubs.obj
 0001:00001f2c       __acrt_initialize          0000000140002f2c f   MSVCRT:ucrt_stubs.obj
 0001:00001f2c       __scrt_stub_for_acrt_uninitialize 0000000140002f2c f   MSVCRT:ucrt_stubs.obj
 0001:00001f2c       __vcrt_uninitialize        0000000140002f2c f   MSVCRT:ucrt_stubs.obj
 0001:00001f2c       __vcrt_initialize          0000000140002f2c f   MSVCRT:ucrt_stubs.obj
 0001:00001f40       _guard_dispatch_icall_nop  0000000140002f40 f   MSVCRT:_guard_dispatch_.obj
 0002:00000000       __imp_IsDebuggerPresent    0000000140003000     kernel32:KERNEL32.dll
 0002:00000008       __imp_GetModuleHandleW     0000000140003008     kernel32:KERNEL32.dll
 0002:00000010       __imp_GetCommandLineW      0000000140003010     kernel32:KERNEL32.dll
 0002:00000018       __imp_InitializeSListHead  0000000140003018     kernel32:KERNEL32.dll
 0002:00000020       __imp_GetSystemTimeAsFileTime 0000000140003020     kernel32:KERNEL32.dll
 0002:00000028       __imp_GetCurrentThreadId   0000000140003028     kernel32:KERNEL32.dll
 0002:00000030       __imp_GetCurrentProcessId  0000000140003030     kernel32:KERNEL32.dll
 0002:00000038       __imp_QueryPerformanceCounter 0000000140003038     kernel32:KERNEL32.dll
 0002:00000040       __imp_IsProcessorFeaturePresent 0000000140003040     kernel32:KERNEL32.dll
 0002:00000048       __imp_TerminateProcess     0000000140003048     kernel32:KERNEL32.dll
 0002:00000050       __imp_GetCurrentProcess    0000000140003050     kernel32:KERNEL32.dll
 0002:00000058       __imp_SetUnhandledExceptionFilter 0000000140003058     kernel32:KERNEL32.dll
 0002:00000060       __imp_UnhandledExceptionFilter 0000000140003060     kernel32:KERNEL32.dll
 0002:00000068       __imp_RtlVirtualUnwind     0000000140003068     kernel32:KERNEL32.dll
 0002:00000070       __imp_RtlLookupFunctionEntry 0000000140003070     kernel32:KERNEL32.dll
 0002:00000078       __imp_RtlCaptureContext    0000000140003078     kernel32:KERNEL32.dll
 0002:00000080       __imp_CopyFileA            0000000140003080     kernel32:KERNEL32.dll
 0002:00000088       __imp_VirtualAlloc         0000000140003088     kernel32:KERNEL32.dll
 0002:00000090       __imp_GetFileAttributesExA 0000000140003090     kernel32:KERNEL32.dll
 0002:00000098       __imp_CompareFileTime      0000000140003098     kernel32:KERNEL32.dll
 0002:000000a0       \177KERNEL32_NULL_THUNK_DATA 00000001400030a0     kernel32:KERNEL32.dll
 0002:000000a8       __imp_glDrawArrays         00000001400030a8     opengl32:OPENGL32.dll
 0002:000000b0       __imp_glViewport           00000001400030b0     opengl32:OPENGL32.dll
 0002:000000b8       __imp_glClear              00000001400030b8     opengl32:OPENGL32.dll
 0002:000000c0       __imp_glClearColor         00000001400030c0     opengl32:OPENGL32.dll
 0002:000000c8       __imp_glClearDepth         00000001400030c8     opengl32:OPENGL32.dll
 0002:000000d0       __imp_glEnableClientState  00000001400030d0     opengl32:OPENGL32.dll
 0002:000000d8       __imp_glVertexPointer      00000001400030d8     opengl32:OPENGL32.dll
 0002:000000e0       \177OPENGL32_NULL_THUNK_DATA 00000001400030e0     opengl32:OPENGL32.dll
 0002:000000e8       __imp_SDL_Init             00000001400030e8     SDL2:SDL2.dll
 0002:000000f0       __imp_SDL_Delay            00000001400030f0     SDL2:SDL2.dll
 0002:000000f8       __imp_SDL_GetPerformanceFrequency 00000001400030f8     SDL2:SDL2.dll
 0002:00000100       __imp_SDL_GetPerformanceCounter 0000000140003100     SDL2:SDL2.dll
 0002:00000108       __imp_SDL_ShowSimpleMessageBox 0000000140003108     SDL2:SDL2.dll
 0002:00000110       __imp_SDL_Log              0000000140003110     SDL2:SDL2.dll
 0002:00000118       __imp_SDL_UnloadObject     0000000140003118     SDL2:SDL2.dll
 0002:00000120       __imp_SDL_LoadFunction     0000000140003120     SDL2:SDL2.dll
 0002:00000128       __imp_SDL_LoadObject       0000000140003128     SDL2:SDL2.dll
 0002:00000130       __imp_SDL_PollEvent        0000000140003130     SDL2:SDL2.dll
 0002:00000138       __imp_SDL_GL_SwapWindow    0000000140003138     SDL2:SDL2.dll
 0002:00000140       __imp_SDL_GL_CreateContext 0000000140003140     SDL2:SDL2.dll
 0002:00000148       __imp_SDL_GL_SetAttribute  0000000140003148     SDL2:SDL2.dll
 0002:00000150       __imp_SDL_GetWindowSurface 0000000140003150     SDL2:SDL2.dll
 0002:00000158       __imp_SDL_SetWindowFullscreen 0000000140003158     SDL2:SDL2.dll
 0002:00000160       __imp_SDL_SetWindowSize    0000000140003160     SDL2:SDL2.dll
 0002:00000168       __imp_SDL_CreateWindow     0000000140003168     SDL2:SDL2.dll
 0002:00000170       __imp_SDL_GetWindowDisplayIndex 0000000140003170     SDL2:SDL2.dll
 0002:00000178       __imp_SDL_GetDesktopDisplayMode 0000000140003178     SDL2:SDL2.dll
 0002:00000180       __imp_SDL_PauseAudioDevice 0000000140003180     SDL2:SDL2.dll
 0002:00000188       __imp_SDL_OpenAudioDevice  0000000140003188     SDL2:SDL2.dll
 0002:00000190       __imp_SDL_GetError         0000000140003190     SDL2:SDL2.dll
 0002:00000198       __imp_SDL_SetMainReady     0000000140003198     SDL2:SDL2.dll
 0002:000001a0       __imp_SDL_isspace          00000001400031a0     SDL2:SDL2.dll
 0002:000001a8       __imp_SDL_wcslen           00000001400031a8     SDL2:SDL2.dll
 0002:000001b0       __imp_SDL_iconv_string     00000001400031b0     SDL2:SDL2.dll
 0002:000001b8       __imp_SDL_malloc           00000001400031b8     SDL2:SDL2.dll
 0002:000001c0       __imp_SDL_free             00000001400031c0     SDL2:SDL2.dll
 0002:000001c8       __imp_SDL_memset           00000001400031c8     SDL2:SDL2.dll
 0002:000001d0       \177SDL2_NULL_THUNK_DATA   00000001400031d0     SDL2:SDL2.dll
 0002:000001d8       __imp___telemetry_main_invoke_trigger 00000001400031d8     vcruntime:VCRUNTIME140.dll
 0002:000001e0       __imp___C_specific_handler 00000001400031e0     vcruntime:VCRUNTIME140.dll
 0002:000001e8       __imp_memset               00000001400031e8     vcruntime:VCRUNTIME140.dll
 0002:000001f0       __imp___telemetry_main_return_trigger 00000001400031f0     vcruntime:VCRUNTIME140.dll
 0002:000001f8       \177VCRUNTIME140_NULL_THUNK_DATA 00000001400031f8     vcruntime:VCRUNTIME140.dll
 0002:00000200       __imp__set_new_mode        0000000140003200     ucrt:api-ms-win-crt-heap-l1-1-0.dll
 0002:00000208       \177api-ms-win-crt-heap-l1-1-0_NULL_THUNK_DATA 0000000140003208     ucrt:api-ms-win-crt-heap-l1-1-0.dll
 0002:00000210       __imp__configthreadlocale  0000000140003210     ucrt:api-ms-win-crt-locale-l1-1-0.dll
 0002:00000218       \177api-ms-win-crt-locale-l1-1-0_NULL_THUNK_DATA 0000000140003218     ucrt:api-ms-win-crt-locale-l1-1-0.dll
 0002:00000220       __imp___setusermatherr     0000000140003220     ucrt:api-ms-win-crt-math-l1-1-0.dll
 0002:00000228       \177api-ms-win-crt-math-l1-1-0_NULL_THUNK_DATA 0000000140003228     ucrt:api-ms-win-crt-math-l1-1-0.dll
 0002:00000230       __imp___p___argc           0000000140003230     ucrt:api-ms-win-crt-runtime-l1-1-0.dll
 0002:00000238       __imp___p___argv           0000000140003238     ucrt:api-ms-win-crt-runtime-l1-1-0.dll
 0002:00000240       __imp__cexit               0000000140003240     ucrt:api-ms-win-crt-runtime-l1-1-0.dll
 0002:00000248       __imp__c_exit              0000000140003248     ucrt:api-ms-win-crt-runtime-l1-1-0.dll
 0002:00000250       __imp__register_thread_local_exe_atexit_callback 0000000140003250     ucrt:api-ms-win-crt-runtime-l1-1-0.dll
 0002:00000258       __imp__seh_filter_exe      0000000140003258     ucrt:api-ms-win-crt-runtime-l1-1-0.dll
 0002:00000260       __imp__initialize_narrow_environment 0000000140003260     ucrt:api-ms-win-crt-runtime-l1-1-0.dll
 0002:00000268       __imp__exit                0000000140003268     ucrt:api-ms-win-crt-runtime-l1-1-0.dll
 0002:00000270       __imp__initialize_onexit_table 0000000140003270     ucrt:api-ms-win-crt-runtime-l1-1-0.dll
 0002:00000278       __imp__register_onexit_function 0000000140003278     ucrt:api-ms-win-crt-runtime-l1-1-0.dll
 0002:00000280       __imp__crt_atexit          0000000140003280     ucrt:api-ms-win-crt-runtime-l1-1-0.dll
 0002:00000288       __imp_terminate            0000000140003288     ucrt:api-ms-win-crt-runtime-l1-1-0.dll
 0002:00000290       __imp_exit                 0000000140003290     ucrt:api-ms-win-crt-runtime-l1-1-0.dll
 0002:00000298       __imp__initterm            0000000140003298     ucrt:api-ms-win-crt-runtime-l1-1-0.dll
 0002:000002a0       __imp__initterm_e          00000001400032a0     ucrt:api-ms-win-crt-runtime-l1-1-0.dll
 0002:000002a8       __imp__set_app_type        00000001400032a8     ucrt:api-ms-win-crt-runtime-l1-1-0.dll
 0002:000002b0       __imp__configure_narrow_argv 00000001400032b0     ucrt:api-ms-win-crt-runtime-l1-1-0.dll
 0002:000002b8       __imp__get_initial_narrow_environment 00000001400032b8     ucrt:api-ms-win-crt-runtime-l1-1-0.dll
 0002:000002c0       \177api-ms-win-crt-runtime-l1-1-0_NULL_THUNK_DATA 00000001400032c0     ucrt:api-ms-win-crt-runtime-l1-1-0.dll
 0002:000002c8       __imp__set_fmode           00000001400032c8     ucrt:api-ms-win-crt-stdio-l1-1-0.dll
 0002:000002d0       __imp___p__commode         00000001400032d0     ucrt:api-ms-win-crt-stdio-l1-1-0.dll
 0002:000002d8       __imp___acrt_iob_func      00000001400032d8     ucrt:api-ms-win-crt-stdio-l1-1-0.dll
 0002:000002e0       __imp___stdio_common_vfprintf 00000001400032e0     ucrt:api-ms-win-crt-stdio-l1-1-0.dll
 0002:000002e8       \177api-ms-win-crt-stdio-l1-1-0_NULL_THUNK_DATA 00000001400032e8     ucrt:api-ms-win-crt-stdio-l1-1-0.dll
 0002:000002f0       __guard_check_icall_fptr   00000001400032f0     MSVCRT:guard_support.obj
 0002:000002f8       __guard_dispatch_icall_fptr 00000001400032f8     MSVCRT:guard_support.obj
 0002:00000300       __xc_a                     0000000140003300     MSVCRT:initializers.obj
 0002:00000310       __xc_z                     0000000140003310     MSVCRT:initializers.obj
 0002:00000318       __xi_a                     0000000140003318     MSVCRT:initializers.obj
 0002:00000330       __xi_z                     0000000140003330     MSVCRT:initializers.obj
 0002:00000338       __xp_a                     0000000140003338     MSVCRT:initializers.obj
 0002:00000340       __xp_z                     0000000140003340     MSVCRT:initializers.obj
 0002:00000348       __xt_a                     0000000140003348     MSVCRT:initializers.obj
 0002:00000350       __xt_z                     0000000140003350     MSVCRT:initializers.obj
 0002:00000544       __real@3e19999a            0000000140003544     sdl_handmade.obj
 0002:00000548       __real@3e99999a            0000000140003548     sdl_handmade.obj
 0002:0000054c       __real@3f800000            000000014000354c     sdl_handmade.obj
 0002:00000550       __real@3ff0000000000000    0000000140003550     sdl_handmade.obj
 0002:00000558       __real@40000000            0000000140003558     sdl_handmade.obj
 0002:00000560       __real@4059000000000000    0000000140003560     sdl_handmade.obj
 0002:00000568       __real@42c80000            0000000140003568     sdl_handmade.obj
 0002:0000056c       __real@447a0000            000000014000356c     sdl_handmade.obj
 0002:00000570       __real@5f800000            0000000140003570     sdl_handmade.obj
 0002:00000588       ??_C@_05EGJIMALK@UTF?98?$AA@ 0000000140003588     SDL2main:SDL_windows_main.obj
 0002:00000590       ??_C@_08NBDJLNFA@UTF?916LE?$AA@ 0000000140003590     SDL2main:SDL_windows_main.obj
 0002:000005a0       ??_C@_0M@HFFOIJBL@Fatal?5Error?$AA@ 00000001400035a0     SDL2main:SDL_windows_main.obj
 0002:000005b0       ??_C@_0BJ@HFNMHALN@Out?5of?5memory?5?9?5aborting?$AA@ 00000001400035b0     SDL2main:SDL_windows_main.obj
 0002:00000630       _load_config_used          0000000140003630     MSVCRT:loadcfg.obj
 0002:00000978       __rtc_iaa                  0000000140003978     MSVCRT:_initsect_.obj
 0002:00000980       __rtc_izz                  0000000140003980     MSVCRT:_initsect_.obj
 0002:00000988       __rtc_taa                  0000000140003988     MSVCRT:_initsect_.obj
 0002:00000990       __rtc_tzz                  0000000140003990     MSVCRT:_initsect_.obj
 0002:00000b04       __IMPORT_DESCRIPTOR_SDL2   0000000140003b04     SDL2:SDL2.dll
 0002:00000b18       __IMPORT_DESCRIPTOR_OPENGL32 0000000140003b18     opengl32:OPENGL32.dll
 0002:00000b2c       __IMPORT_DESCRIPTOR_KERNEL32 0000000140003b2c     kernel32:KERNEL32.dll
 0002:00000b40       __IMPORT_DESCRIPTOR_VCRUNTIME140 0000000140003b40     vcruntime:VCRUNTIME140.dll
 0002:00000b54       __IMPORT_DESCRIPTOR_api-ms-win-crt-stdio-l1-1-0 0000000140003b54     ucrt:api-ms-win-crt-stdio-l1-1-0.dll
 0002:00000b68       __IMPORT_DESCRIPTOR_api-ms-win-crt-runtime-l1-1-0 0000000140003b68     ucrt:api-ms-win-crt-runtime-l1-1-0.dll
 0002:00000b7c       __IMPORT_DESCRIPTOR_api-ms-win-crt-math-l1-1-0 0000000140003b7c     ucrt:api-ms-win-crt-math-l1-1-0.dll
 0002:00000b90       __IMPORT_DESCRIPTOR_api-ms-win-crt-locale-l1-1-0 0000000140003b90     ucrt:api-ms-win-crt-locale-l1-1-0.dll
 0002:00000ba4       __IMPORT_DESCRIPTOR_api-ms-win-crt-heap-l1-1-0 0000000140003ba4     ucrt:api-ms-win-crt-heap-l1-1-0.dll
 0002:00000bb8       __NULL_IMPORT_DESCRIPTOR   0000000140003bb8     SDL2:SDL2.dll
 0003:00000000       ?vertices@@3PAMA           0000000140005000     sdl_handmade.obj
 0003:00000030       __security_cookie          0000000140005030     MSVCRT:gs_cookie.obj
 0003:00000038       __security_cookie_complement 0000000140005038     MSVCRT:gs_cookie.obj
 0003:00000040       _fltused                   0000000140005040     MSVCRT:dllsupp.obj
 0003:00000044       __scrt_native_dllmain_reason 0000000140005044     MSVCRT:utility.obj
 0003:00000048       __scrt_default_matherr     0000000140005048     MSVCRT:matherr.obj
 0003:00000050       __isa_available            0000000140005050     MSVCRT:_cpu_disp_.obj
 0003:00000054       __isa_enabled              0000000140005054     MSVCRT:_cpu_disp_.obj
 0003:00000058       __memcpy_nt_iters          0000000140005058     MSVCRT:_cpu_disp_.obj
 0003:00000060       __scrt_ucrt_dll_is_in_use  0000000140005060     MSVCRT:ucrt_stubs.obj
 0003:00000070       ?_OptionsStorage@?1??__local_stdio_printf_options@@9@4_KA 0000000140005070     sdl_handmade.obj
 0003:000005f0       __scrt_current_native_startup_state 00000001400055f0     MSVCRT:utility.obj
 0003:000005f8       __scrt_native_startup_lock 00000001400055f8     MSVCRT:utility.obj
 0003:00000640       ?__type_info_root_node@@3U__type_info_node@@A 0000000140005640     MSVCRT:tncleanup.obj
 0003:00000650       ?_OptionsStorage@?1??__local_stdio_scanf_options@@9@4_KA 0000000140005650     MSVCRT:default_local_stdio_options.obj
 0003:00000658       __scrt_debugger_hook_flag  0000000140005658     MSVCRT:utility_desktop.obj
 0003:0000065c       __favor                    000000014000565c     MSVCRT:_cpu_disp_.obj
 0003:00000660       __dyn_tls_dtor_callback    0000000140005660     <common>
 0003:00000668       __dyn_tls_init_callback    0000000140005668     <common>

 entry point at        0001:000014bc

 Static symbols

 0000:ffff8000       .debug$S                   0000000140000000     ucrt:api-ms-win-crt-runtime-l1-1-0.dll
 0000:ffff8000       .debug$S                   0000000140000000     kernel32:KERNEL32.dll
 0000:ffff8000       .debug$S                   0000000140000000     kernel32:KERNEL32.dll
 0000:ffff8000       .debug$S                   0000000140000000     kernel32:KERNEL32.dll
 0000:ffff8000       .debug$S                   0000000140000000     kernel32:KERNEL32.dll
 0000:ffff8000       .debug$S                   0000000140000000     kernel32:KERNEL32.dll
 0000:ffff8000       .debug$S                   0000000140000000     kernel32:KERNEL32.dll
 0000:ffff8000       .debug$S                   0000000140000000     kernel32:KERNEL32.dll
 0000:ffff8000       .debug$S                   0000000140000000     kernel32:KERNEL32.dll
 0000:ffff8000       .debug$S                   0000000140000000     kernel32:KERNEL32.dll
 0000:ffff8000       .debug$S                   0000000140000000     vcruntime:VCRUNTIME140.dll
 0000:ffff8000       .debug$S                   0000000140000000     vcruntime:VCRUNTIME140.dll
 0000:ffff8000       .debug$S                   0000000140000000     vcruntime:VCRUNTIME140.dll
 0000:ffff8000       .debug$S                   0000000140000000     vcruntime:VCRUNTIME140.dll
 0000:ffff8000       .debug$S                   0000000140000000     vcruntime:VCRUNTIME140.dll
 0000:ffff8000       .debug$S                   0000000140000000     ucrt:api-ms-win-crt-stdio-l1-1-0.dll
 0000:ffff8000       .debug$S                   0000000140000000     kernel32:KERNEL32.dll
 0000:ffff8000       .debug$S                   0000000140000000     kernel32:KERNEL32.dll
 0000:ffff8000       .debug$S                   0000000140000000     kernel32:KERNEL32.dll
 0000:ffff8000       .debug$S                   0000000140000000     SDL2:SDL2.dll
 0000:ffff8000       .debug$S                   0000000140000000     SDL2:SDL2.dll
 0000:ffff8000       .debug$S                   0000000140000000     SDL2:SDL2.dll
 0000:ffff8000       .debug$S                   0000000140000000     SDL2:SDL2.dll
 0000:ffff8000       .debug$S                   0000000140000000     SDL2:SDL2.dll
 0000:ffff8000       .debug$S                   0000000140000000     kernel32:KERNEL32.dll
 0000:ffff8000       .debug$S                   0000000140000000     ucrt:api-ms-win-crt-heap-l1-1-0.dll
 0000:ffff8000       .debug$S                   0000000140000000     kernel32:KERNEL32.dll
 0000:ffff8000       .debug$S                   0000000140000000     ucrt:api-ms-win-crt-locale-l1-1-0.dll
 0000:ffff8000       .debug$S                   0000000140000000     kernel32:KERNEL32.dll
 0000:ffff8000       .debug$S                   0000000140000000     ucrt:api-ms-win-crt-math-l1-1-0.dll
 0000:ffff8000       .debug$S                   0000000140000000     kernel32:KERNEL32.dll
 0000:ffff8000       .debug$S                   0000000140000000     ucrt:api-ms-win-crt-runtime-l1-1-0.dll
 0000:ffff8000       .debug$S                   0000000140000000     kernel32:KERNEL32.dll
 0000:ffff8000       .debug$S                   0000000140000000     ucrt:api-ms-win-crt-runtime-l1-1-0.dll
 0000:ffff8000       .debug$S                   0000000140000000     kernel32:KERNEL32.dll
 0000:ffff8000       .debug$S                   0000000140000000     ucrt:api-ms-win-crt-runtime-l1-1-0.dll
 0000:ffff8000       .debug$S                   0000000140000000     SDL2:SDL2.dll
 0000:ffff8000       .debug$S                   0000000140000000     ucrt:api-ms-win-crt-runtime-l1-1-0.dll
 0000:ffff8000       .debug$S                   0000000140000000     kernel32:KERNEL32.dll
 0000:ffff8000       .debug$S                   0000000140000000     ucrt:api-ms-win-crt-runtime-l1-1-0.dll
 0000:ffff8000       .debug$S                   0000000140000000     kernel32:KERNEL32.dll
 0000:ffff8000       .debug$S                   0000000140000000     ucrt:api-ms-win-crt-runtime-l1-1-0.dll
 0000:ffff8000       .debug$S                   0000000140000000     SDL2:SDL2.dll
 0000:ffff8000       .debug$S                   0000000140000000     SDL2:SDL2.dll
 0000:ffff8000       .debug$S                   0000000140000000     SDL2:SDL2.dll
 0000:ffff8000       .debug$S                   0000000140000000     SDL2:SDL2.dll
 0000:ffff8000       .debug$S                   0000000140000000     SDL2:SDL2.dll
 0000:ffff8000       .debug$S                   0000000140000000     SDL2:SDL2.dll
 0000:ffff8000       .debug$S                   0000000140000000     SDL2:SDL2.dll
 0000:ffff8000       .debug$S                   0000000140000000     SDL2:SDL2.dll
 0000:ffff8000       .debug$S                   0000000140000000     SDL2:SDL2.dll
 0000:ffff8000       .debug$S                   0000000140000000     SDL2:SDL2.dll
 0000:ffff8000       .debug$S                   0000000140000000     SDL2:SDL2.dll
 0000:ffff8000       .debug$S                   0000000140000000     SDL2:SDL2.dll
 0000:ffff8000       .debug$S                   0000000140000000     SDL2:SDL2.dll
 0000:ffff8000       .debug$S                   0000000140000000     SDL2:SDL2.dll
 0000:ffff8000       .debug$S                   0000000140000000     SDL2:SDL2.dll
 0000:ffff8000       .debug$S                   0000000140000000     SDL2:SDL2.dll
 0000:ffff8000       .debug$S                   0000000140000000     SDL2:SDL2.dll
 0000:ffff8000       .debug$S                   0000000140000000     SDL2:SDL2.dll
 0000:ffff8000       .debug$S                   0000000140000000     SDL2:SDL2.dll
 0000:ffff8000       .debug$S                   0000000140000000     SDL2:SDL2.dll
 0000:ffff8000       .debug$S                   0000000140000000     SDL2:SDL2.dll
 0000:ffff8000       .debug$S                   0000000140000000     SDL2:SDL2.dll
 0000:ffff8000       .debug$S                   0000000140000000     SDL2:SDL2.dll
 0000:ffff8000       .debug$S                   0000000140000000     ucrt:api-ms-win-crt-runtime-l1-1-0.dll
 0000:ffff8000       .debug$S                   0000000140000000     ucrt:api-ms-win-crt-runtime-l1-1-0.dll
 0000:ffff8000       .debug$S                   0000000140000000     ucrt:api-ms-win-crt-runtime-l1-1-0.dll
 0000:ffff8000       .debug$S                   0000000140000000     ucrt:api-ms-win-crt-stdio-l1-1-0.dll
 0000:ffff8000       .debug$S                   0000000140000000     ucrt:api-ms-win-crt-runtime-l1-1-0.dll
 0000:ffff8000       .debug$S                   0000000140000000     ucrt:api-ms-win-crt-runtime-l1-1-0.dll
 0000:ffff8000       .debug$S                   0000000140000000     opengl32:OPENGL32.dll
 0000:ffff8000       .debug$S                   0000000140000000     ucrt:api-ms-win-crt-runtime-l1-1-0.dll
 0000:ffff8000       .debug$S                   0000000140000000     opengl32:OPENGL32.dll
 0000:ffff8000       .debug$S                   0000000140000000     opengl32:OPENGL32.dll
 0000:ffff8000       .debug$S                   0000000140000000     ucrt:api-ms-win-crt-runtime-l1-1-0.dll
 0000:ffff8000       .debug$S                   0000000140000000     ucrt:api-ms-win-crt-runtime-l1-1-0.dll
 0000:ffff8000       .debug$S                   0000000140000000     opengl32:OPENGL32.dll
 0000:ffff8000       .debug$S                   0000000140000000     ucrt:api-ms-win-crt-runtime-l1-1-0.dll
 0000:ffff8000       .debug$S                   0000000140000000     ucrt:api-ms-win-crt-runtime-l1-1-0.dll
 0000:ffff8000       .debug$S                   0000000140000000     opengl32:OPENGL32.dll
 0000:ffff8000       .debug$S                   0000000140000000     ucrt:api-ms-win-crt-runtime-l1-1-0.dll
 0000:ffff8000       .debug$S                   0000000140000000     ucrt:api-ms-win-crt-runtime-l1-1-0.dll
 0000:ffff8000       .debug$S                   0000000140000000     ucrt:api-ms-win-crt-runtime-l1-1-0.dll
 0000:ffff8000       .debug$S                   0000000140000000     ucrt:api-ms-win-crt-runtime-l1-1-0.dll
 0000:ffff8000       .debug$S                   0000000140000000     ucrt:api-ms-win-crt-stdio-l1-1-0.dll
 0000:ffff8000       .debug$S                   0000000140000000     ucrt:api-ms-win-crt-stdio-l1-1-0.dll
 0000:ffff8000       .debug$S                   0000000140000000     opengl32:OPENGL32.dll
 0000:ffff8000       .debug$S                   0000000140000000     opengl32:OPENGL32.dll
 0000:ffff8000       .debug$S                   0000000140000000     kernel32:KERNEL32.dll
 0001:00000020       main_getcmdline            0000000140001020 f   SDL2main:SDL_windows_main.obj
 0001:000000f0       ParseCommandLine           00000001400010f0 f   SDL2main:SDL_windows_main.obj
 0001:000002e0       UnEscapeQuotes             00000001400012e0 f   SDL2main:SDL_windows_main.obj
 0001:000003a0       OutOfMemory                00000001400013a0 f   SDL2main:SDL_windows_main.obj
 0001:000003d0       main_utf8                  00000001400013d0 f   SDL2main:SDL_windows_main.obj
 0001:00000cb0       ?Win32LoadGameCode@@YA?AUwin32_game_code@@PEBD0@Z 0000000140001cb0 f   sdl_handmade.obj
 0001:00000dd0       ?Win32UnloadGameCode@@YAXPEAUwin32_game_code@@@Z 0000000140001dd0 f   sdl_handmade.obj
 0001:00000e30       ?SDLCustom_OpenAudioContext@@YA_NUSDL_AudioSpec@@0I@Z 0000000140001e30 f   sdl_handmade.obj
 0001:00000f10       ?SDLCustom_GetMonitorRefreshRate@@YAHPEAUSDL_Window@@@Z 0000000140001f10 f   sdl_handmade.obj
 0001:00000f80       ?SDLCustom_GetSecondsElapsed@@YAM_K00@Z 0000000140001f80 f   sdl_handmade.obj
 0001:00001220       $$000000                   0000000140002220     MSVCRT:_amdsecgs_.obj
 0001:00001254       ?pre_c_initialization@@YAHXZ 0000000140002254 f   MSVCRT:exe_main.obj
 0001:00001308       ?post_pgo_initialization@@YAHXZ 0000000140002308 f   MSVCRT:exe_main.obj
 0001:00001318       ?pre_cpp_initialization@@YAXXZ 0000000140002318 f   MSVCRT:exe_main.obj
 0001:00001334       ?__scrt_common_main_seh@@YAHXZ 0000000140002334 f   MSVCRT:exe_main.obj
 0001:000015d8       capture_previous_context   00000001400025d8 f   MSVCRT:gs_report.obj
 0001:00001f30       $$000000                   0000000140002f30     MSVCRT:_guard_dispatch_.obj
 0001:00001f42       ?filt$0@?0??__scrt_common_main_seh@@YAHXZ@4HA 0000000140002f42 f   MSVCRT:exe_main.obj
 0001:00001f60       __scrt_is_nonwritable_in_current_image$filt$0 0000000140002f60 f   MSVCRT:utility.obj
 0002:00000308       ?pre_cpp_initializer@@3P6AXXZEA 0000000140003308     MSVCRT:exe_main.obj
 0002:00000320       ?pre_c_initializer@@3P6AHXZEA 0000000140003320     MSVCRT:exe_main.obj
 0002:00000328       ?post_pgo_initializer@@3P6AHXZEA 0000000140003328     MSVCRT:exe_main.obj
 0002:00000360       $SG142348                  0000000140003360     sdl_handmade.obj
 0002:00000378       $SG142349                  0000000140003378     sdl_handmade.obj
 0002:00000388       $SG142350                  0000000140003388     sdl_handmade.obj
 0002:000003a0       $SG142354                  00000001400033a0     sdl_handmade.obj
 0002:000003b8       $SG142355                  00000001400033b8     sdl_handmade.obj
 0002:000003c8       $SG142357                  00000001400033c8     sdl_handmade.obj
 0002:000003e8       $SG142358                  00000001400033e8     sdl_handmade.obj
 0002:000003f8       $SG142359                  00000001400033f8     sdl_handmade.obj
 0002:00000408       $SG142361                  0000000140003408     sdl_handmade.obj
 0002:00000420       $SG142362                  0000000140003420     sdl_handmade.obj
 0002:00000430       $SG142368                  0000000140003430     sdl_handmade.obj
 0002:00000448       $SG142369                  0000000140003448     sdl_handmade.obj
 0002:00000478       $SG142370                  0000000140003478     sdl_handmade.obj
 0002:00000488       $SG142270                  0000000140003488     sdl_handmade.obj
 0002:000004a0       $SG142271                  00000001400034a0     sdl_handmade.obj
 0002:000004b8       $SG142274                  00000001400034b8     sdl_handmade.obj
 0002:000004f0       $SG142275                  00000001400034f0     sdl_handmade.obj
 0002:00000500       $SG142287                  0000000140003500     sdl_handmade.obj
 0002:00000520       $SG142289                  0000000140003520     sdl_handmade.obj
 0002:00000578       GS_ExceptionPointers       0000000140003578     MSVCRT:gs_report.obj
 0002:00000998       $unwind$printf             0000000140003998     sdl_handmade.obj
 0002:00000998       $unwind$_vfprintf_l        0000000140003998     sdl_handmade.obj
 0002:000009a0       $unwind$SDL_main           00000001400039a0     sdl_handmade.obj
 0002:000009b4       $unwind$GameUpdateAndRender 00000001400039b4     sdl_handmade.obj
 0002:000009bc       $unwind$?Win32LoadGameCode@@YA?AUwin32_game_code@@PEBD0@Z 00000001400039bc     sdl_handmade.obj
 0002:000009c8       $unwind$?Win32UnloadGameCode@@YAXPEAUwin32_game_code@@@Z 00000001400039c8     sdl_handmade.obj
 0002:000009d0       $unwind$?SDLCustom_OpenAudioContext@@YA_NUSDL_AudioSpec@@0I@Z 00000001400039d0     sdl_handmade.obj
 0002:000009d8       $unwind$?SDLCustom_GetMonitorRefreshRate@@YAHPEAUSDL_Window@@@Z 00000001400039d8     sdl_handmade.obj
 0002:000009e0       $unwind$?Win32GetLastWriteTime@@YA?AU_FILETIME@@PEBD@Z 00000001400039e0     sdl_handmade.obj
 0002:000009f0       $unwind$__GSHandlerCheckCommon 00000001400039f0     MSVCRT:_gshandler_.obj
 0002:000009f8       $xdatasym                  00000001400039f8     MSVCRT:_amdsecgs_.obj
 0002:000009fc       $unwind$?__scrt_common_main_seh@@YAHXZ 00000001400039fc     MSVCRT:exe_main.obj
 0002:00000a24       $unwind$?filt$0@?0??__scrt_common_main_seh@@YAHXZ@4HA 0000000140003a24     MSVCRT:exe_main.obj
 0002:00000a2c       $unwind$__report_gsfailure 0000000140003a2c     MSVCRT:gs_report.obj
 0002:00000a34       $unwind$capture_previous_context 0000000140003a34     MSVCRT:gs_report.obj
 0002:00000a40       $unwind$mainCRTStartup     0000000140003a40     MSVCRT:exe_main.obj
 0002:00000a40       $unwind$__scrt_acquire_startup_lock 0000000140003a40     MSVCRT:utility.obj
 0002:00000a40       $unwind$__scrt_initialize_default_local_stdio_options 0000000140003a40     MSVCRT:default_local_stdio_options.obj
 0002:00000a40       $unwind$__GSHandlerCheck   0000000140003a40     MSVCRT:_gshandler_.obj
 0002:00000a40       $unwind$__scrt_is_managed_app 0000000140003a40     MSVCRT:utility_desktop.obj
 0002:00000a40       $unwind$atexit             0000000140003a40     MSVCRT:utility.obj
 0002:00000a40       $unwind$?post_pgo_initialization@@YAHXZ 0000000140003a40     MSVCRT:exe_main.obj
 0002:00000a40       $unwind$__scrt_unhandled_exception_filter 0000000140003a40     MSVCRT:utility_desktop.obj
 0002:00000a40       $unwind$?pre_cpp_initialization@@YAXXZ 0000000140003a40     MSVCRT:exe_main.obj
 0002:00000a48       $unwind$__scrt_is_nonwritable_in_current_image 0000000140003a48     MSVCRT:utility.obj
 0002:00000a68       $unwind$__scrt_is_nonwritable_in_current_image$filt$0 0000000140003a68     MSVCRT:utility.obj
 0002:00000a70       $unwind$_onexit            0000000140003a70     MSVCRT:utility.obj
 0002:00000a70       $unwind$?pre_c_initialization@@YAHXZ 0000000140003a70     MSVCRT:exe_main.obj
 0002:00000a70       $unwind$__raise_securityfailure 0000000140003a70     MSVCRT:gs_report.obj
 0002:00000a70       $unwind$__scrt_uninitialize_crt 0000000140003a70     MSVCRT:utility.obj
 0002:00000a70       $unwind$__scrt_release_startup_lock 0000000140003a70     MSVCRT:utility.obj
 0002:00000a70       $unwind$__scrt_initialize_crt 0000000140003a70     MSVCRT:utility.obj
 0002:00000a78       $unwind$__scrt_initialize_onexit_tables 0000000140003a78     MSVCRT:utility.obj
 0002:00000a84       $unwind$__security_init_cookie 0000000140003a84     MSVCRT:gs_support.obj
 0002:00000a90       $unwind$__scrt_fastfail    0000000140003a90     MSVCRT:utility_desktop.obj
 0002:00000aa0       $unwind$_RTC_Terminate     0000000140003aa0     MSVCRT:_initsect_.obj
 0002:00000aa0       $unwind$_RTC_Initialize    0000000140003aa0     MSVCRT:_initsect_.obj
 0002:00000ab0       $unwind$__isa_available_init 0000000140003ab0     MSVCRT:_cpu_disp_.obj
 0002:00000ac0       $xdatasym                  0000000140003ac0     MSVCRT:_guard_dispatch_.obj
 0002:00000ac4       $unwind$main               0000000140003ac4     SDL2main:SDL_windows_main.obj
 0002:00000acc       $unwind$main_getcmdline    0000000140003acc     SDL2main:SDL_windows_main.obj
 0002:00000ad4       $unwind$ParseCommandLine   0000000140003ad4     SDL2main:SDL_windows_main.obj
 0002:00000adc       $unwind$UnEscapeQuotes     0000000140003adc     SDL2main:SDL_windows_main.obj
 0002:00000ae4       $unwind$OutOfMemory        0000000140003ae4     SDL2main:SDL_windows_main.obj
 0002:00000aec       $unwind$main_utf8          0000000140003aec     SDL2main:SDL_windows_main.obj
 0002:00000af4       $unwind$wmain              0000000140003af4     SDL2main:SDL_windows_main.obj
 0002:00000afc       $unwind$WinMain            0000000140003afc     SDL2main:SDL_windows_main.obj
 0002:000010a2       .idata$6                   00000001400040a2     SDL2:SDL2.dll
 0002:0000111c       .idata$6                   000000014000411c     opengl32:OPENGL32.dll
 0002:000012ce       .idata$6                   00000001400042ce     kernel32:KERNEL32.dll
 0002:00001342       .idata$6                   0000000140004342     vcruntime:VCRUNTIME140.dll
 0002:00001532       .idata$6                   0000000140004532     ucrt:api-ms-win-crt-stdio-l1-1-0.dll
 0002:00001552       .idata$6                   0000000140004552     ucrt:api-ms-win-crt-runtime-l1-1-0.dll
 0002:00001574       .idata$6                   0000000140004574     ucrt:api-ms-win-crt-math-l1-1-0.dll
 0002:00001594       .idata$6                   0000000140004594     ucrt:api-ms-win-crt-locale-l1-1-0.dll
 0002:000015b6       .idata$6                   00000001400045b6     ucrt:api-ms-win-crt-heap-l1-1-0.dll
 0003:00000080       GS_ExceptionRecord         0000000140005080     MSVCRT:gs_report.obj
 0003:00000120       GS_ContextRecord           0000000140005120     MSVCRT:gs_report.obj
 0003:00000600       ?module_local_atexit_table@@3U_onexit_table_t@@A 0000000140005600     MSVCRT:utility.obj
 0003:00000618       ?module_local_at_quick_exit_table@@3U_onexit_table_t@@A 0000000140005618     MSVCRT:utility.obj
 0003:00000630       ?is_initialized_as_dll@@3_NA 0000000140005630     MSVCRT:utility.obj
 0004:00000000       $pdata$main                0000000140006000     SDL2main:SDL_windows_main.obj
 0004:0000000c       $pdata$main_getcmdline     000000014000600c     SDL2main:SDL_windows_main.obj
 0004:00000018       $pdata$ParseCommandLine    0000000140006018     SDL2main:SDL_windows_main.obj
 0004:00000024       $pdata$UnEscapeQuotes      0000000140006024     SDL2main:SDL_windows_main.obj
 0004:00000030       $pdata$OutOfMemory         0000000140006030     SDL2main:SDL_windows_main.obj
 0004:0000003c       $pdata$main_utf8           000000014000603c     SDL2main:SDL_windows_main.obj
 0004:00000048       $pdata$wmain               0000000140006048     SDL2main:SDL_windows_main.obj
 0004:00000054       $pdata$WinMain             0000000140006054     SDL2main:SDL_windows_main.obj
 0004:00000060       $pdata$SDL_main            0000000140006060     sdl_handmade.obj
 0004:0000006c       $pdata$GameUpdateAndRender 000000014000606c     sdl_handmade.obj
 0004:00000078       $pdata$?Win32LoadGameCode@@YA?AUwin32_game_code@@PEBD0@Z 0000000140006078     sdl_handmade.obj
 0004:00000084       $pdata$?Win32UnloadGameCode@@YAXPEAUwin32_game_code@@@Z 0000000140006084     sdl_handmade.obj
 0004:00000090       $pdata$?SDLCustom_OpenAudioContext@@YA_NUSDL_AudioSpec@@0I@Z 0000000140006090     sdl_handmade.obj
 0004:0000009c       $pdata$?SDLCustom_GetMonitorRefreshRate@@YAHPEAUSDL_Window@@@Z 000000014000609c     sdl_handmade.obj
 0004:000000a8       $pdata$?Win32GetLastWriteTime@@YA?AU_FILETIME@@PEBD@Z 00000001400060a8     sdl_handmade.obj
 0004:000000b4       $pdata$_vfprintf_l         00000001400060b4     sdl_handmade.obj
 0004:000000c0       $pdata$printf              00000001400060c0     sdl_handmade.obj
 0004:000000cc       $pdata$__GSHandlerCheck    00000001400060cc     MSVCRT:_gshandler_.obj
 0004:000000d8       $pdata$__GSHandlerCheckCommon 00000001400060d8     MSVCRT:_gshandler_.obj
 0004:000000f0       $pdata$?pre_c_initialization@@YAHXZ 00000001400060f0     MSVCRT:exe_main.obj
 0004:000000fc       $pdata$?post_pgo_initialization@@YAHXZ 00000001400060fc     MSVCRT:exe_main.obj
 0004:00000108       $pdata$?pre_cpp_initialization@@YAXXZ 0000000140006108     MSVCRT:exe_main.obj
 0004:00000114       $pdata$?__scrt_common_main_seh@@YAHXZ 0000000140006114     MSVCRT:exe_main.obj
 0004:00000120       $pdata$mainCRTStartup      0000000140006120     MSVCRT:exe_main.obj
 0004:0000012c       $pdata$__raise_securityfailure 000000014000612c     MSVCRT:gs_report.obj
 0004:00000138       $pdata$__report_gsfailure  0000000140006138     MSVCRT:gs_report.obj
 0004:00000144       $pdata$capture_previous_context 0000000140006144     MSVCRT:gs_report.obj
 0004:00000150       $pdata$__scrt_acquire_startup_lock 0000000140006150     MSVCRT:utility.obj
 0004:0000015c       $pdata$__scrt_initialize_crt 000000014000615c     MSVCRT:utility.obj
 0004:00000168       $pdata$__scrt_initialize_onexit_tables 0000000140006168     MSVCRT:utility.obj
 0004:00000174       $pdata$__scrt_is_nonwritable_in_current_image 0000000140006174     MSVCRT:utility.obj
 0004:00000180       $pdata$__scrt_release_startup_lock 0000000140006180     MSVCRT:utility.obj
 0004:0000018c       $pdata$__scrt_uninitialize_crt 000000014000618c     MSVCRT:utility.obj
 0004:00000198       $pdata$_onexit             0000000140006198     MSVCRT:utility.obj
 0004:000001a4       $pdata$atexit              00000001400061a4     MSVCRT:utility.obj
 0004:000001b0       $pdata$__security_init_cookie 00000001400061b0     MSVCRT:gs_support.obj
 0004:000001bc       $pdata$__scrt_initialize_default_local_stdio_options 00000001400061bc     MSVCRT:default_local_stdio_options.obj
 0004:000001c8       $pdata$__scrt_fastfail     00000001400061c8     MSVCRT:utility_desktop.obj
 0004:000001d4       $pdata$__scrt_is_managed_app 00000001400061d4     MSVCRT:utility_desktop.obj
 0004:000001e0       $pdata$__scrt_unhandled_exception_filter 00000001400061e0     MSVCRT:utility_desktop.obj
 0004:000001ec       $pdata$_RTC_Initialize     00000001400061ec     MSVCRT:_initsect_.obj
 0004:000001f8       $pdata$_RTC_Terminate      00000001400061f8     MSVCRT:_initsect_.obj
 0004:00000204       $pdata$__isa_available_init 0000000140006204     MSVCRT:_cpu_disp_.obj
 0004:0000021c       $pdata$?filt$0@?0??__scrt_common_main_seh@@YAHXZ@4HA 000000014000621c     MSVCRT:exe_main.obj
 0004:00000228       $pdata$__scrt_is_nonwritable_in_current_image$filt$0 0000000140006228     MSVCRT:utility.obj
